Archive member included to satisfy reference by file (symbol)

D:/Apps/Technical Apps/Windows/STM32CubeIDE_1.14.0/STM32CubeIDE/plugins/com.st.stm32cube.ide.mcu.externaltools.gnu-tools-for-stm32.11.3.rel1.win32_1.1.100.202309141235/tools/bin/../lib/gcc/arm-none-eabi/11.3.1/../../../../arm-none-eabi/lib/thumb/v7e-m+fp/hard\libc_nano.a(libc_a-exit.o)
                              D:/Apps/Technical Apps/Windows/STM32CubeIDE_1.14.0/STM32CubeIDE/plugins/com.st.stm32cube.ide.mcu.externaltools.gnu-tools-for-stm32.11.3.rel1.win32_1.1.100.202309141235/tools/bin/../lib/gcc/arm-none-eabi/11.3.1/../../../../arm-none-eabi/lib/thumb/v7e-m+fp/hard/crt0.o (exit)
D:/Apps/Technical Apps/Windows/STM32CubeIDE_1.14.0/STM32CubeIDE/plugins/com.st.stm32cube.ide.mcu.externaltools.gnu-tools-for-stm32.11.3.rel1.win32_1.1.100.202309141235/tools/bin/../lib/gcc/arm-none-eabi/11.3.1/../../../../arm-none-eabi/lib/thumb/v7e-m+fp/hard\libc_nano.a(libc_a-findfp.o)
                              D:/Apps/Technical Apps/Windows/STM32CubeIDE_1.14.0/STM32CubeIDE/plugins/com.st.stm32cube.ide.mcu.externaltools.gnu-tools-for-stm32.11.3.rel1.win32_1.1.100.202309141235/tools/bin/../lib/gcc/arm-none-eabi/11.3.1/../../../../arm-none-eabi/lib/thumb/v7e-m+fp/hard\libc_nano.a(libc_a-exit.o) (__stdio_exit_handler)
D:/Apps/Technical Apps/Windows/STM32CubeIDE_1.14.0/STM32CubeIDE/plugins/com.st.stm32cube.ide.mcu.externaltools.gnu-tools-for-stm32.11.3.rel1.win32_1.1.100.202309141235/tools/bin/../lib/gcc/arm-none-eabi/11.3.1/../../../../arm-none-eabi/lib/thumb/v7e-m+fp/hard\libc_nano.a(libc_a-fwalk.o)
                              D:/Apps/Technical Apps/Windows/STM32CubeIDE_1.14.0/STM32CubeIDE/plugins/com.st.stm32cube.ide.mcu.externaltools.gnu-tools-for-stm32.11.3.rel1.win32_1.1.100.202309141235/tools/bin/../lib/gcc/arm-none-eabi/11.3.1/../../../../arm-none-eabi/lib/thumb/v7e-m+fp/hard\libc_nano.a(libc_a-findfp.o) (_fwalk_sglue)
D:/Apps/Technical Apps/Windows/STM32CubeIDE_1.14.0/STM32CubeIDE/plugins/com.st.stm32cube.ide.mcu.externaltools.gnu-tools-for-stm32.11.3.rel1.win32_1.1.100.202309141235/tools/bin/../lib/gcc/arm-none-eabi/11.3.1/../../../../arm-none-eabi/lib/thumb/v7e-m+fp/hard\libc_nano.a(libc_a-stdio.o)
                              D:/Apps/Technical Apps/Windows/STM32CubeIDE_1.14.0/STM32CubeIDE/plugins/com.st.stm32cube.ide.mcu.externaltools.gnu-tools-for-stm32.11.3.rel1.win32_1.1.100.202309141235/tools/bin/../lib/gcc/arm-none-eabi/11.3.1/../../../../arm-none-eabi/lib/thumb/v7e-m+fp/hard\libc_nano.a(libc_a-findfp.o) (__sread)
D:/Apps/Technical Apps/Windows/STM32CubeIDE_1.14.0/STM32CubeIDE/plugins/com.st.stm32cube.ide.mcu.externaltools.gnu-tools-for-stm32.11.3.rel1.win32_1.1.100.202309141235/tools/bin/../lib/gcc/arm-none-eabi/11.3.1/../../../../arm-none-eabi/lib/thumb/v7e-m+fp/hard\libc_nano.a(libc_a-memset.o)
                              D:/Apps/Technical Apps/Windows/STM32CubeIDE_1.14.0/STM32CubeIDE/plugins/com.st.stm32cube.ide.mcu.externaltools.gnu-tools-for-stm32.11.3.rel1.win32_1.1.100.202309141235/tools/bin/../lib/gcc/arm-none-eabi/11.3.1/../../../../arm-none-eabi/lib/thumb/v7e-m+fp/hard/crt0.o (memset)
D:/Apps/Technical Apps/Windows/STM32CubeIDE_1.14.0/STM32CubeIDE/plugins/com.st.stm32cube.ide.mcu.externaltools.gnu-tools-for-stm32.11.3.rel1.win32_1.1.100.202309141235/tools/bin/../lib/gcc/arm-none-eabi/11.3.1/../../../../arm-none-eabi/lib/thumb/v7e-m+fp/hard\libc_nano.a(libc_a-closer.o)
                              D:/Apps/Technical Apps/Windows/STM32CubeIDE_1.14.0/STM32CubeIDE/plugins/com.st.stm32cube.ide.mcu.externaltools.gnu-tools-for-stm32.11.3.rel1.win32_1.1.100.202309141235/tools/bin/../lib/gcc/arm-none-eabi/11.3.1/../../../../arm-none-eabi/lib/thumb/v7e-m+fp/hard\libc_nano.a(libc_a-stdio.o) (_close_r)
D:/Apps/Technical Apps/Windows/STM32CubeIDE_1.14.0/STM32CubeIDE/plugins/com.st.stm32cube.ide.mcu.externaltools.gnu-tools-for-stm32.11.3.rel1.win32_1.1.100.202309141235/tools/bin/../lib/gcc/arm-none-eabi/11.3.1/../../../../arm-none-eabi/lib/thumb/v7e-m+fp/hard\libc_nano.a(libc_a-reent.o)
                              D:/Apps/Technical Apps/Windows/STM32CubeIDE_1.14.0/STM32CubeIDE/plugins/com.st.stm32cube.ide.mcu.externaltools.gnu-tools-for-stm32.11.3.rel1.win32_1.1.100.202309141235/tools/bin/../lib/gcc/arm-none-eabi/11.3.1/../../../../arm-none-eabi/lib/thumb/v7e-m+fp/hard\libc_nano.a(libc_a-closer.o) (errno)
D:/Apps/Technical Apps/Windows/STM32CubeIDE_1.14.0/STM32CubeIDE/plugins/com.st.stm32cube.ide.mcu.externaltools.gnu-tools-for-stm32.11.3.rel1.win32_1.1.100.202309141235/tools/bin/../lib/gcc/arm-none-eabi/11.3.1/../../../../arm-none-eabi/lib/thumb/v7e-m+fp/hard\libc_nano.a(libc_a-impure.o)
                              D:/Apps/Technical Apps/Windows/STM32CubeIDE_1.14.0/STM32CubeIDE/plugins/com.st.stm32cube.ide.mcu.externaltools.gnu-tools-for-stm32.11.3.rel1.win32_1.1.100.202309141235/tools/bin/../lib/gcc/arm-none-eabi/11.3.1/../../../../arm-none-eabi/lib/thumb/v7e-m+fp/hard\libc_nano.a(libc_a-reent.o) (_impure_ptr)
[...]
Memory Configuration

Name             Origin             Length             Attributes
CCMSRAM          0x0000000010000000 0x0000000000002800 xrw
RAM              0x0000000020000000 0x0000000000008000 xrw
FLASH            0x0000000008000000 0x0000000000020000 xr
*default*        0x0000000000000000 0xffffffffffffffff

Linker script and memory map

LOAD D:/Apps/Technical Apps/Windows/STM32CubeIDE_1.14.0/STM32CubeIDE/plugins/com.st.stm32cube.ide.mcu.externaltools.gnu-tools-for-stm32.11.3.rel1.win32_1.1.100.202309141235/tools/bin/../lib/gcc/arm-none-eabi/11.3.1/thumb/v7e-m+fp/hard/crti.o
LOAD D:/Apps/Technical Apps/Windows/STM32CubeIDE_1.14.0/STM32CubeIDE/plugins/com.st.stm32cube.ide.mcu.externaltools.gnu-tools-for-stm32.11.3.rel1.win32_1.1.100.202309141235/tools/bin/../lib/gcc/arm-none-eabi/11.3.1/thumb/v7e-m+fp/hard/crtbegin.o
LOAD D:/Apps/Technical Apps/Windows/STM32CubeIDE_1.14.0/STM32CubeIDE/plugins/com.st.stm32cube.ide.mcu.externaltools.gnu-tools-for-stm32.11.3.rel1.win32_1.1.100.202309141235/tools/bin/../lib/gcc/arm-none-eabi/11.3.1/../../../../arm-none-eabi/lib/thumb/v7e-m+fp/hard/crt0.o
LOAD ./HAL/LIMSWI/LIMSWI_Program.o
LOAD ./HAL/STEPPER/STEPPER_Program.o
LOAD ./MCAL/ADC/ADC_Program.o
LOAD ./MCAL/FDCAN/CAN_Program.o
LOAD ./MCAL/GPIO/GPIO_Program.o
LOAD ./MCAL/RCC/RCC_Program.o
LOAD ./MCAL/TIMER/TIMER_Program.o
LOAD ./Src/main.o
LOAD ./Src/syscalls.o
LOAD ./Src/sysmem.o
LOAD ./Startup/startup_stm32g431cbtx.o
START GROUP
LOAD D:/Apps/Technical Apps/Windows/STM32CubeIDE_1.14.0/STM32CubeIDE/plugins/com.st.stm32cube.ide.mcu.externaltools.gnu-tools-for-stm32.11.3.rel1.win32_1.1.100.202309141235/tools/bin/../lib/gcc/arm-none-eabi/11.3.1/../../../../arm-none-eabi/lib/thumb/v7e-m+fp/hard\libc_nano.a
LOAD D:/Apps/Technical Apps/Windows/STM32CubeIDE_1.14.0/STM32CubeIDE/plugins/com.st.stm32cube.ide.mcu.externaltools.gnu-tools-for-stm32.11.3.rel1.win32_1.1.100.202309141235/tools/bin/../lib/gcc/arm-none-eabi/11.3.1/../../../../arm-none-eabi/lib/thumb/v7e-m+fp/hard\libm.a
END GROUP
START GROUP
LOAD D:/Apps/Technical Apps/Windows/STM32CubeIDE_1.14.0/STM32CubeIDE/plugins/com.st.stm32cube.ide.mcu.externaltools.gnu-tools-for-stm32.11.3.rel1.win32_1.1.100.202309141235/tools/bin/../lib/gcc/arm-none-eabi/11.3.1/thumb/v7e-m+fp/hard\libgcc.a
LOAD D:/Apps/Technical Apps/Windows/STM32CubeIDE_1.14.0/STM32CubeIDE/plugins/com.st.stm32cube.ide.mcu.externaltools.gnu-tools-for-stm32.11.3.rel1.win32_1.1.100.202309141235/tools/bin/../lib/gcc/arm-none-eabi/11.3.1/../../../../arm-none-eabi/lib/thumb/v7e-m+fp/hard\libc_nano.a
END GROUP
START GROUP
LOAD D:/Apps/Technical Apps/Windows/STM32CubeIDE_1.14.0/STM32CubeIDE/plugins/com.st.stm32cube.ide.mcu.externaltools.gnu-tools-for-stm32.11.3.rel1.win32_1.1.100.202309141235/tools/bin/../lib/gcc/arm-none-eabi/11.3.1/thumb/v7e-m+fp/hard\libgcc.a
LOAD D:/Apps/Technical Apps/Windows/STM32CubeIDE_1.14.0/STM32CubeIDE/plugins/com.st.stm32cube.ide.mcu.externaltools.gnu-tools-for-stm32.11.3.rel1.win32_1.1.100.202309141235/tools/bin/../lib/gcc/arm-none-eabi/11.3.1/../../../../arm-none-eabi/lib/thumb/v7e-m+fp/hard\libc_nano.a
LOAD D:/Apps/Technical Apps/Windows/STM32CubeIDE_1.14.0/STM32CubeIDE/plugins/com.st.stm32cube.ide.mcu.externaltools.gnu-tools-for-stm32.11.3.rel1.win32_1.1.100.202309141235/tools/bin/../lib/gcc/arm-none-eabi/11.3.1/../../../../arm-none-eabi/lib/thumb/v7e-m+fp/hard\libnosys.a
END GROUP
START GROUP
LOAD D:/Apps/Technical Apps/Windows/STM32CubeIDE_1.14.0/STM32CubeIDE/plugins/com.st.stm32cube.ide.mcu.externaltools.gnu-tools-for-stm32.11.3.rel1.win32_1.1.100.202309141235/tools/bin/../lib/gcc/arm-none-eabi/11.3.1/thumb/v7e-m+fp/hard\libgcc.a
LOAD D:/Apps/Technical Apps/Windows/STM32CubeIDE_1.14.0/STM32CubeIDE/plugins/com.st.stm32cube.ide.mcu.externaltools.gnu-tools-for-stm32.11.3.rel1.win32_1.1.100.202309141235/tools/bin/../lib/gcc/arm-none-eabi/11.3.1/../../../../arm-none-eabi/lib/thumb/v7e-m+fp/hard\libc_nano.a
LOAD D:/Apps/Technical Apps/Windows/STM32CubeIDE_1.14.0/STM32CubeIDE/plugins/com.st.stm32cube.ide.mcu.externaltools.gnu-tools-for-stm32.11.3.rel1.win32_1.1.100.202309141235/tools/bin/../lib/gcc/arm-none-eabi/11.3.1/../../../../arm-none-eabi/lib/thumb/v7e-m+fp/hard\libnosys.a
END GROUP
LOAD D:/Apps/Technical Apps/Windows/STM32CubeIDE_1.14.0/STM32CubeIDE/plugins/com.st.stm32cube.ide.mcu.externaltools.gnu-tools-for-stm32.11.3.rel1.win32_1.1.100.202309141235/tools/bin/../lib/gcc/arm-none-eabi/11.3.1/thumb/v7e-m+fp/hard/crtend.o
LOAD D:/Apps/Technical Apps/Windows/STM32CubeIDE_1.14.0/STM32CubeIDE/plugins/com.st.stm32cube.ide.mcu.externaltools.gnu-tools-for-stm32.11.3.rel1.win32_1.1.100.202309141235/tools/bin/../lib/gcc/arm-none-eabi/11.3.1/thumb/v7e-m+fp/hard/crtn.o
                0x0000000020008000                _estack = (ORIGIN (RAM) + LENGTH (RAM))
                0x0000000000000200                _Min_Heap_Size = 0x200
                0x0000000000000400                _Min_Stack_Size = 0x400

.isr_vector     0x0000000008000000      0x1d8
                0x0000000008000000                . = ALIGN (0x4)
 *(.isr_vector)
 .isr_vector    0x0000000008000000      0x1d8 ./Startup/startup_stm32g431cbtx.o
                0x0000000008000000                g_pfnVectors
                0x00000000080001d8                . = ALIGN (0x4)

.text           0x00000000080001d8     0x178c
                0x00000000080001d8                . = ALIGN (0x4)
 *(.text)
 .text          0x00000000080001d8       0x40 D:/Apps/Technical Apps/Windows/STM32CubeIDE_1.14.0/STM32CubeIDE/plugins/com.st.stm32cube.ide.mcu.externaltools.gnu-tools-for-stm32.11.3.rel1.win32_1.1.100.202309141235/tools/bin/../lib/gcc/arm-none-eabi/11.3.1/thumb/v7e-m+fp/hard/crtbegin.o
 *(.text*)
 .text.LIMSWI_voidSwitchInit
                0x0000000008000218       0x1c ./HAL/LIMSWI/LIMSWI_Program.o
                0x0000000008000218                LIMSWI_voidSwitchInit
 .text.LIMSWI_u8SwitchPress
                0x0000000008000234       0x2a ./HAL/LIMSWI/LIMSWI_Program.o
                0x0000000008000234                LIMSWI_u8SwitchPress
 .text.STEPPER_voidInitMotor
                0x000000000800025e       0xc6 ./HAL/STEPPER/STEPPER_Program.o
                0x000000000800025e                STEPPER_voidInitMotor
 .text.STEPPER_voidQuadMotorStep
                0x0000000008000324       0xe6 ./HAL/STEPPER/STEPPER_Program.o
                0x0000000008000324                STEPPER_voidQuadMotorStep
 .text.STEPPER_voidQuadMotorHome
                0x000000000800040a       0xe6 ./HAL/STEPPER/STEPPER_Program.o
                0x000000000800040a                STEPPER_voidQuadMotorHome
 .text.CAN_voidInit
                0x00000000080004f0      0x320 ./MCAL/FDCAN/CAN_Program.o
                0x00000000080004f0                CAN_voidInit
 .text.CAN_voidReceiveDataFrame
                0x0000000008000810      0x28c ./MCAL/FDCAN/CAN_Program.o
                0x0000000008000810                CAN_voidReceiveDataFrame
 .text.CAN_u8GetReceivedMessagesCount
                0x0000000008000a9c       0x3e ./MCAL/FDCAN/CAN_Program.o
                0x0000000008000a9c                CAN_u8GetReceivedMessagesCount
 *fill*         0x0000000008000ada        0x2 
 .text.CAN_voidSendDataFrame
                0x0000000008000adc      0x178 ./MCAL/FDCAN/CAN_Program.o
                0x0000000008000adc                CAN_voidSendDataFrame
 .text.GPIO_voidSetPinMode
                0x0000000008000c54       0xbc ./MCAL/GPIO/GPIO_Program.o
 .text.GPIO_voidSetPinOutput_typ_spd
                0x0000000008000d10       0xfc ./MCAL/GPIO/GPIO_Program.o
 .text.GPIO_voidSetPinValue
                0x0000000008000e0c       0xc8 ./MCAL/GPIO/GPIO_Program.o
                0x0000000008000e0c                GPIO_voidSetPinValue
 .text.GPIO_voidSetPinPUPD
                0x0000000008000ed4       0xbc ./MCAL/GPIO/GPIO_Program.o
 .text.GPIO_u8GetPinData
                0x0000000008000f90       0xa4 ./MCAL/GPIO/GPIO_Program.o
                0x0000000008000f90                GPIO_u8GetPinData
 .text.GPIO_voidAltFunc
                0x0000000008001034       0xf4 ./MCAL/GPIO/GPIO_Program.o
 .text.GPIO_voidInitPin
                0x0000000008001128       0x5a ./MCAL/GPIO/GPIO_Program.o
                0x0000000008001128                GPIO_voidInitPin
 *fill*         0x0000000008001182        0x2 
 .text.RCC_voidInit
                0x0000000008001184       0xb4 ./MCAL/RCC/RCC_Program.o
                0x0000000008001184                RCC_voidInit
 .text.RCC_voidPeripheralClockEnable
                0x0000000008001238       0xc8 ./MCAL/RCC/RCC_Program.o
                0x0000000008001238                RCC_voidPeripheralClockEnable
 .text.TIMERx_voidStartCounter
                0x0000000008001300       0x20 ./MCAL/TIMER/TIMER_Program.o
                0x0000000008001300                TIMERx_voidStartCounter
 .text.TIMERx_voidStopCounter
                0x0000000008001320       0x20 ./MCAL/TIMER/TIMER_Program.o
                0x0000000008001320                TIMERx_voidStopCounter
 .text.TIMERx_voidCounter_Init
                0x0000000008001340       0x7e ./MCAL/TIMER/TIMER_Program.o
                0x0000000008001340                TIMERx_voidCounter_Init
 .text.TIMERx_voidDelay_ms
                0x00000000080013be       0x66 ./MCAL/TIMER/TIMER_Program.o
                0x00000000080013be                TIMERx_voidDelay_ms
 .text.main     0x0000000008001424      0x1b0 ./Src/main.o
                0x0000000008001424                main
 .text.APP_voidSystemClockInit
                0x00000000080015d4       0x60 ./Src/main.o
                0x00000000080015d4                APP_voidSystemClockInit
 .text.APP_voidGpioInit
                0x0000000008001634       0xc8 ./Src/main.o
                0x0000000008001634                APP_voidGpioInit
 .text.APP_voidCurrentSense
                0x00000000080016fc       0xa0 ./Src/main.o
                0x00000000080016fc                APP_voidCurrentSense
 .text.APP_voidCanInit
                0x000000000800179c       0xa0 ./Src/main.o
                0x000000000800179c                APP_voidCanInit
 .text.APP_voidHoming
                0x000000000800183c       0x64 ./Src/main.o
                0x000000000800183c                APP_voidHoming
 .text.APP_voidEnsureSafety
                0x00000000080018a0        0xe ./Src/main.o
                0x00000000080018a0                APP_voidEnsureSafety
 *fill*         0x00000000080018ae        0x2 
 .text.Reset_Handler
                0x00000000080018b0       0x50 ./Startup/startup_stm32g431cbtx.o
                0x00000000080018b0                Reset_Handler
 .text.Default_Handler
                0x0000000008001900        0x2 ./Startup/startup_stm32g431cbtx.o
                0x0000000008001900                EXTI2_IRQHandler
                0x0000000008001900                TIM8_TRG_COM_IRQHandler
                0x0000000008001900                TIM8_CC_IRQHandler
                0x0000000008001900                DebugMon_Handler
                0x0000000008001900                DMA1_CH4_IRQHandler
                0x0000000008001900                TIM1_CC_IRQHandler
                0x0000000008001900                Cordic_IRQHandler
                0x0000000008001900                HardFault_Handler
                0x0000000008001900                USB_HP_IRQHandler
                0x0000000008001900                SysTick_Handler
                0x0000000008001900                PendSV_Handler
                0x0000000008001900                NMI_Handler
                0x0000000008001900                EXTI3_IRQHandler
                0x0000000008001900                I2C3_ER_IRQHandler
                0x0000000008001900                TIM6_DACUNDER_IRQHandler
                0x0000000008001900                EXTI0_IRQHandler
                0x0000000008001900                I2C2_EV_IRQHandler
                0x0000000008001900                DMA2_CH1_IRQHandler
                0x0000000008001900                FDCAN1_IT1_IRQHandler
                0x0000000008001900                TIM1_UP_TIM16_IRQHandler
                0x0000000008001900                UsageFault_Handler
                0x0000000008001900                ADC1_2_IRQHandler
                0x0000000008001900                SPI1_IRQHandler
                0x0000000008001900                TIM8_UP_IRQHandler
                0x0000000008001900                USBWakeUP_IRQHandler
                0x0000000008001900                RTC_ALARM_IRQHandler
                0x0000000008001900                DMA1_CH6_IRQHandler
                0x0000000008001900                TIM20_TRG_COM_IRQHandler
                0x0000000008001900                USART3_IRQHandler
                0x0000000008001900                LPUART_IRQHandler
                0x0000000008001900                TIM4_IRQHandler
                0x0000000008001900                I2C1_EV_IRQHandler
                0x0000000008001900                DMA2_CH5_IRQHandler
                0x0000000008001900                UART4_IRQHandler
                0x0000000008001900                DMA1_CH3_IRQHandler
                0x0000000008001900                TIM3_IRQHandler
                0x0000000008001900                RCC_IRQHandler
                0x0000000008001900                TIM20_UP_IRQHandler
                0x0000000008001900                TIM1_TRG_COM_IRQHandler
                0x0000000008001900                Default_Handler
                0x0000000008001900                FMAC_IRQHandler
                0x0000000008001900                EXTI15_10_IRQHandler
                0x0000000008001900                TIM7_IRQHandler
                0x0000000008001900                UCPD1_IRQHandler
                0x0000000008001900                I2C3_EV_IRQHandler
                0x0000000008001900                EXTI9_5_IRQHandler
                0x0000000008001900                DMA1_CH2_IRQHandler
                0x0000000008001900                RTC_WKUP_IRQHandler
                0x0000000008001900                SAI_IRQHandler
                0x0000000008001900                PVD_PVM_IRQHandler
                0x0000000008001900                SPI2_IRQHandler
                0x0000000008001900                DMA1_CH1_IRQHandler
                0x0000000008001900                MemManage_Handler
                0x0000000008001900                SVC_Handler
                0x0000000008001900                CRS_IRQHandler
                0x0000000008001900                USB_LP_IRQHandler
                0x0000000008001900                EXTI4_IRQHandler
                0x0000000008001900                RNG_IRQHandler
                0x0000000008001900                WWDG_IRQHandler
                0x0000000008001900                FDCAN1_IT0_IRQHandler
                0x0000000008001900                TIM2_IRQHandler
                0x0000000008001900                COMP7_IRQHandler
                0x0000000008001900                COMP1_2_3_IRQHandler
                0x0000000008001900                EXTI1_IRQHandler
                0x0000000008001900                AES_IRQHandler
                0x0000000008001900                USART2_IRQHandler
                0x0000000008001900                COMP4_5_6_IRQHandler
                0x0000000008001900                TIM20_BRK_IRQHandler
                0x0000000008001900                I2C2_ER_IRQHandler
                0x0000000008001900                TIM8_BRK_IRQHandler
                0x0000000008001900                FLASH_IRQHandler
                0x0000000008001900                TIM20_CC_IRQHandler
                0x0000000008001900                BusFault_Handler
                0x0000000008001900                USART1_IRQHandler
                0x0000000008001900                SPI3_IRQHandler
                0x0000000008001900                DMA2_CH6_IRQHandler
                0x0000000008001900                DMA2_CH3_IRQHandler
                0x0000000008001900                DMA2_CH2_IRQHandler
                0x0000000008001900                I2C1_ER_IRQHandler
                0x0000000008001900                DMA1_CH5_IRQHandler
                0x0000000008001900                DMA2_CH4_IRQHandler
                0x0000000008001900                LPTIM1_IRQHandler
                0x0000000008001900                DMAMUX_OVR_IRQHandler
                0x0000000008001900                RTC_TAMP_CSS_LSE_IRQHandler
                0x0000000008001900                TIM1_BRK_TIM15_IRQHandler
 *fill*         0x0000000008001902        0x2 
 .text.__libc_init_array
                0x0000000008001904       0x48 D:/Apps/Technical Apps/Windows/STM32CubeIDE_1.14.0/STM32CubeIDE/plugins/com.st.stm32cube.ide.mcu.externaltools.gnu-tools-for-stm32.11.3.rel1.win32_1.1.100.202309141235/tools/bin/../lib/gcc/arm-none-eabi/11.3.1/../../../../arm-none-eabi/lib/thumb/v7e-m+fp/hard\libc_nano.a(libc_a-init.o)
                0x0000000008001904                __libc_init_array
 *(.glue_7)
 .glue_7        0x000000000800194c        0x0 linker stubs
 *(.glue_7t)
 .glue_7t       0x000000000800194c        0x0 linker stubs
 *(.eh_frame)
 .eh_frame      0x000000000800194c        0x0 D:/Apps/Technical Apps/Windows/STM32CubeIDE_1.14.0/STM32CubeIDE/plugins/com.st.stm32cube.ide.mcu.externaltools.gnu-tools-for-stm32.11.3.rel1.win32_1.1.100.202309141235/tools/bin/../lib/gcc/arm-none-eabi/11.3.1/thumb/v7e-m+fp/hard/crtbegin.o
 *(.init)
 .init          0x000000000800194c        0x4 D:/Apps/Technical Apps/Windows/STM32CubeIDE_1.14.0/STM32CubeIDE/plugins/com.st.stm32cube.ide.mcu.externaltools.gnu-tools-for-stm32.11.3.rel1.win32_1.1.100.202309141235/tools/bin/../lib/gcc/arm-none-eabi/11.3.1/thumb/v7e-m+fp/hard/crti.o
                0x000000000800194c                _init
 .init          0x0000000008001950        0x8 D:/Apps/Technical Apps/Windows/STM32CubeIDE_1.14.0/STM32CubeIDE/plugins/com.st.stm32cube.ide.mcu.externaltools.gnu-tools-for-stm32.11.3.rel1.win32_1.1.100.202309141235/tools/bin/../lib/gcc/arm-none-eabi/11.3.1/thumb/v7e-m+fp/hard/crtn.o
 *(.fini)
 .fini          0x0000000008001958        0x4 D:/Apps/Technical Apps/Windows/STM32CubeIDE_1.14.0/STM32CubeIDE/plugins/com.st.stm32cube.ide.mcu.externaltools.gnu-tools-for-stm32.11.3.rel1.win32_1.1.100.202309141235/tools/bin/../lib/gcc/arm-none-eabi/11.3.1/thumb/v7e-m+fp/hard/crti.o
                0x0000000008001958                _fini
 .fini          0x000000000800195c        0x8 D:/Apps/Technical Apps/Windows/STM32CubeIDE_1.14.0/STM32CubeIDE/plugins/com.st.stm32cube.ide.mcu.externaltools.gnu-tools-for-stm32.11.3.rel1.win32_1.1.100.202309141235/tools/bin/../lib/gcc/arm-none-eabi/11.3.1/thumb/v7e-m+fp/hard/crtn.o
                0x0000000008001964                . = ALIGN (0x4)
                0x0000000008001964                _etext = .

.vfp11_veneer   0x0000000008001964        0x0
 .vfp11_veneer  0x0000000008001964        0x0 linker stubs

.v4_bx          0x0000000008001964        0x0
 .v4_bx         0x0000000008001964        0x0 linker stubs

.iplt           0x0000000008001964        0x0
 .iplt          0x0000000008001964        0x0 D:/Apps/Technical Apps/Windows/STM32CubeIDE_1.14.0/STM32CubeIDE/plugins/com.st.stm32cube.ide.mcu.externaltools.gnu-tools-for-stm32.11.3.rel1.win32_1.1.100.202309141235/tools/bin/../lib/gcc/arm-none-eabi/11.3.1/thumb/v7e-m+fp/hard/crtbegin.o

.rodata         0x0000000008001964       0x14
                0x0000000008001964                . = ALIGN (0x4)
 *(.rodata)
 .rodata        0x0000000008001964       0x14 ./Src/main.o
 *(.rodata*)
                0x0000000008001978                . = ALIGN (0x4)

.rel.dyn        0x0000000008001978        0x0
 .rel.iplt      0x0000000008001978        0x0 D:/Apps/Technical Apps/Windows/STM32CubeIDE_1.14.0/STM32CubeIDE/plugins/com.st.stm32cube.ide.mcu.externaltools.gnu-tools-for-stm32.11.3.rel1.win32_1.1.100.202309141235/tools/bin/../lib/gcc/arm-none-eabi/11.3.1/thumb/v7e-m+fp/hard/crtbegin.o

.ARM.extab      0x0000000008001978        0x0
                0x0000000008001978                . = ALIGN (0x4)
 *(.ARM.extab* .gnu.linkonce.armextab.*)
                0x0000000008001978                . = ALIGN (0x4)

.ARM            0x0000000008001978        0x0
                0x0000000008001978                . = ALIGN (0x4)
                0x0000000008001978                __exidx_start = .
 *(.ARM.exidx*)
                0x0000000008001978                __exidx_end = .
                0x0000000008001978                . = ALIGN (0x4)

.preinit_array  0x0000000008001978        0x0
                0x0000000008001978                . = ALIGN (0x4)
                0x0000000008001978                PROVIDE (__preinit_array_start = .)
 *(.preinit_array*)
                0x0000000008001978                PROVIDE (__preinit_array_end = .)
                0x0000000008001978                . = ALIGN (0x4)

.init_array     0x0000000008001978        0x4
                0x0000000008001978                . = ALIGN (0x4)
                0x0000000008001978                PROVIDE (__init_array_start = .)
 *(SORT_BY_NAME(.init_array.*))
 *(.init_array*)
 .init_array    0x0000000008001978        0x4 D:/Apps/Technical Apps/Windows/STM32CubeIDE_1.14.0/STM32CubeIDE/plugins/com.st.stm32cube.ide.mcu.externaltools.gnu-tools-for-stm32.11.3.rel1.win32_1.1.100.202309141235/tools/bin/../lib/gcc/arm-none-eabi/11.3.1/thumb/v7e-m+fp/hard/crtbegin.o
                0x000000000800197c                PROVIDE (__init_array_end = .)
                0x000000000800197c                . = ALIGN (0x4)

.fini_array     0x000000000800197c        0x4
                0x000000000800197c                . = ALIGN (0x4)
                [!provide]                        PROVIDE (__fini_array_start = .)
 *(SORT_BY_NAME(.fini_array.*))
 *(.fini_array*)
 .fini_array    0x000000000800197c        0x4 D:/Apps/Technical Apps/Windows/STM32CubeIDE_1.14.0/STM32CubeIDE/plugins/com.st.stm32cube.ide.mcu.externaltools.gnu-tools-for-stm32.11.3.rel1.win32_1.1.100.202309141235/tools/bin/../lib/gcc/arm-none-eabi/11.3.1/thumb/v7e-m+fp/hard/crtbegin.o
                [!provide]                        PROVIDE (__fini_array_end = .)
                0x0000000008001980                . = ALIGN (0x4)
                0x0000000008001980                _sidata = LOADADDR (.data)

.data           0x0000000020000000       0x58 load address 0x0000000008001980
                0x0000000020000000                . = ALIGN (0x4)
                0x0000000020000000                _sdata = .
 *(.data)
 *(.data*)
 .data.LIMSWI   0x0000000020000000        0xe ./HAL/LIMSWI/LIMSWI_Program.o
 *fill*         0x000000002000000e        0x2 
 .data.STEPPER_mod
                0x0000000020000010       0x20 ./Src/main.o
 .data.LIMSWI   0x0000000020000030        0xe ./Src/main.o
 *fill*         0x000000002000003e        0x2 
 .data.IDs      0x0000000020000040       0x14 ./Src/main.o
                0x0000000020000040                IDs
 .data.LimSwitch
                0x0000000020000054        0x1 ./Src/main.o
                0x0000000020000054                LimSwitch
 *(.RamFunc)
 *(.RamFunc*)
                0x0000000020000058                . = ALIGN (0x4)
 *fill*         0x0000000020000055        0x3 
                0x0000000020000058                _edata = .
                0x00000000080019d8                _siccmsram = LOADADDR (.ccmsram)

.igot.plt       0x0000000020000058        0x0 load address 0x00000000080019d8
 .igot.plt      0x0000000020000058        0x0 D:/Apps/Technical Apps/Windows/STM32CubeIDE_1.14.0/STM32CubeIDE/plugins/com.st.stm32cube.ide.mcu.externaltools.gnu-tools-for-stm32.11.3.rel1.win32_1.1.100.202309141235/tools/bin/../lib/gcc/arm-none-eabi/11.3.1/thumb/v7e-m+fp/hard/crtbegin.o

.ccmsram        0x0000000010000000        0x0 load address 0x00000000080019d8
                0x0000000010000000                . = ALIGN (0x4)
                0x0000000010000000                _sccmsram = .
 *(.ccmsram)
 *(.ccmsram*)
                0x0000000010000000                . = ALIGN (0x4)
                0x0000000010000000                _eccmsram = .
                0x0000000010000000                . = ALIGN (0x4)

.bss            0x0000000020000058       0x20
                0x0000000020000058                _sbss = .
                0x0000000020000058                __bss_start__ = _sbss
 *(.bss)
 .bss           0x0000000020000058       0x1c D:/Apps/Technical Apps/Windows/STM32CubeIDE_1.14.0/STM32CubeIDE/plugins/com.st.stm32cube.ide.mcu.externaltools.gnu-tools-for-stm32.11.3.rel1.win32_1.1.100.202309141235/tools/bin/../lib/gcc/arm-none-eabi/11.3.1/thumb/v7e-m+fp/hard/crtbegin.o
 *(.bss*)
 .bss.currentPosition
                0x0000000020000074        0x4 ./Src/main.o
                0x0000000020000074                currentPosition
 *(COMMON)
                0x0000000020000078                . = ALIGN (0x4)
                0x0000000020000078                _ebss = .
                0x0000000020000078                __bss_end__ = _ebss

._user_heap_stack
                0x0000000020000078      0x600
                0x0000000020000078                . = ALIGN (0x8)
                [!provide]                        PROVIDE (end = .)
                0x0000000020000078                PROVIDE (_end = .)
                0x0000000020000278                . = (. + _Min_Heap_Size)
 *fill*         0x0000000020000078      0x200 
                0x0000000020000678                . = (. + _Min_Stack_Size)
 *fill*         0x0000000020000278      0x400 
                0x0000000020000678                . = ALIGN (0x8)

/DISCARD/
 libc.a(*)
 libm.a(*)
 libgcc.a(*)

.ARM.attributes
                0x0000000000000000       0x30
 *(.ARM.attributes)
 .ARM.attributes
                0x0000000000000000       0x1e D:/Apps/Technical Apps/Windows/STM32CubeIDE_1.14.0/STM32CubeIDE/plugins/com.st.stm32cube.ide.mcu.externaltools.gnu-tools-for-stm32.11.3.rel1.win32_1.1.100.202309141235/tools/bin/../lib/gcc/arm-none-eabi/11.3.1/thumb/v7e-m+fp/hard/crti.o
 .ARM.attributes
                0x000000000000001e       0x34 D:/Apps/Technical Apps/Windows/STM32CubeIDE_1.14.0/STM32CubeIDE/plugins/com.st.stm32cube.ide.mcu.externaltools.gnu-tools-for-stm32.11.3.rel1.win32_1.1.100.202309141235/tools/bin/../lib/gcc/arm-none-eabi/11.3.1/thumb/v7e-m+fp/hard/crtbegin.o
 .ARM.attributes
                0x0000000000000052       0x34 ./HAL/LIMSWI/LIMSWI_Program.o
 .ARM.attributes
                0x0000000000000086       0x34 ./HAL/STEPPER/STEPPER_Program.o
 .ARM.attributes
                0x00000000000000ba       0x34 ./MCAL/FDCAN/CAN_Program.o
 .ARM.attributes
                0x00000000000000ee       0x34 ./MCAL/GPIO/GPIO_Program.o
 .ARM.attributes
                0x0000000000000122       0x34 ./MCAL/RCC/RCC_Program.o
 .ARM.attributes
                0x0000000000000156       0x34 ./MCAL/TIMER/TIMER_Program.o
 .ARM.attributes
                0x000000000000018a       0x34 ./Src/main.o
 .ARM.attributes
                0x00000000000001be       0x21 ./Startup/startup_stm32g431cbtx.o
 .ARM.attributes
                0x00000000000001df       0x34 D:/Apps/Technical Apps/Windows/STM32CubeIDE_1.14.0/STM32CubeIDE/plugins/com.st.stm32cube.ide.mcu.externaltools.gnu-tools-for-stm32.11.3.rel1.win32_1.1.100.202309141235/tools/bin/../lib/gcc/arm-none-eabi/11.3.1/../../../../arm-none-eabi/lib/thumb/v7e-m+fp/hard\libc_nano.a(libc_a-init.o)
 .ARM.attributes
                0x0000000000000213       0x1e D:/Apps/Technical Apps/Windows/STM32CubeIDE_1.14.0/STM32CubeIDE/plugins/com.st.stm32cube.ide.mcu.externaltools.gnu-tools-for-stm32.11.3.rel1.win32_1.1.100.202309141235/tools/bin/../lib/gcc/arm-none-eabi/11.3.1/thumb/v7e-m+fp/hard/crtn.o
OUTPUT(StepperApp.elf elf32-littlearm)
LOAD linker stubs
LOAD D:/Apps/Technical Apps/Windows/STM32CubeIDE_1.14.0/STM32CubeIDE/plugins/com.st.stm32cube.ide.mcu.externaltools.gnu-tools-for-stm32.11.3.rel1.win32_1.1.100.202309141235/tools/bin/../lib/gcc/arm-none-eabi/11.3.1/../../../../arm-none-eabi/lib/thumb/v7e-m+fp/hard\libc.a
LOAD D:/Apps/Technical Apps/Windows/STM32CubeIDE_1.14.0/STM32CubeIDE/plugins/com.st.stm32cube.ide.mcu.externaltools.gnu-tools-for-stm32.11.3.rel1.win32_1.1.100.202309141235/tools/bin/../lib/gcc/arm-none-eabi/11.3.1/../../../../arm-none-eabi/lib/thumb/v7e-m+fp/hard\libm.a
LOAD D:/Apps/Technical Apps/Windows/STM32CubeIDE_1.14.0/STM32CubeIDE/plugins/com.st.stm32cube.ide.mcu.externaltools.gnu-tools-for-stm32.11.3.rel1.win32_1.1.100.202309141235/tools/bin/../lib/gcc/arm-none-eabi/11.3.1/thumb/v7e-m+fp/hard\libgcc.a

.comment        0x0000000000000000       0x43
 .comment       0x0000000000000000       0x43 D:/Apps/Technical Apps/Windows/STM32CubeIDE_1.14.0/STM32CubeIDE/plugins/com.st.stm32cube.ide.mcu.externaltools.gnu-tools-for-stm32.11.3.rel1.win32_1.1.100.202309141235/tools/bin/../lib/gcc/arm-none-eabi/11.3.1/thumb/v7e-m+fp/hard/crtbegin.o
                                         0x44 (size before relaxing)
 .comment       0x0000000000000043       0x44 ./HAL/LIMSWI/LIMSWI_Program.o
 .comment       0x0000000000000043       0x44 ./HAL/STEPPER/STEPPER_Program.o
 .comment       0x0000000000000043       0x44 ./MCAL/FDCAN/CAN_Program.o
 .comment       0x0000000000000043       0x44 ./MCAL/GPIO/GPIO_Program.o
 .comment       0x0000000000000043       0x44 ./MCAL/RCC/RCC_Program.o
 .comment       0x0000000000000043       0x44 ./MCAL/TIMER/TIMER_Program.o
 .comment       0x0000000000000043       0x44 ./Src/main.o

.debug_info     0x0000000000000000     0x2e57
 .debug_info    0x0000000000000000      0x185 ./HAL/LIMSWI/LIMSWI_Program.o
 .debug_info    0x0000000000000185      0x4de ./HAL/STEPPER/STEPPER_Program.o
 .debug_info    0x0000000000000663      0x834 ./MCAL/FDCAN/CAN_Program.o
 .debug_info    0x0000000000000e97      0x4e8 ./MCAL/GPIO/GPIO_Program.o
 .debug_info    0x000000000000137f      0x580 ./MCAL/RCC/RCC_Program.o
 .debug_info    0x00000000000018ff      0x568 ./MCAL/TIMER/TIMER_Program.o
 .debug_info    0x0000000000001e67      0xfcd ./Src/main.o
 .debug_info    0x0000000000002e34       0x23 ./Startup/startup_stm32g431cbtx.o

.debug_abbrev   0x0000000000000000      0xaaf
 .debug_abbrev  0x0000000000000000      0x11a ./HAL/LIMSWI/LIMSWI_Program.o
 .debug_abbrev  0x000000000000011a      0x13c ./HAL/STEPPER/STEPPER_Program.o
 .debug_abbrev  0x0000000000000256      0x191 ./MCAL/FDCAN/CAN_Program.o
 .debug_abbrev  0x00000000000003e7      0x197 ./MCAL/GPIO/GPIO_Program.o
 .debug_abbrev  0x000000000000057e       0xf9 ./MCAL/RCC/RCC_Program.o
 .debug_abbrev  0x0000000000000677      0x1d9 ./MCAL/TIMER/TIMER_Program.o
 .debug_abbrev  0x0000000000000850      0x24d ./Src/main.o
 .debug_abbrev  0x0000000000000a9d       0x12 ./Startup/startup_stm32g431cbtx.o

.debug_aranges  0x0000000000000000      0x268
 .debug_aranges
                0x0000000000000000       0x28 ./HAL/LIMSWI/LIMSWI_Program.o
 .debug_aranges
                0x0000000000000028       0x38 ./HAL/STEPPER/STEPPER_Program.o
 .debug_aranges
                0x0000000000000060       0x50 ./MCAL/FDCAN/CAN_Program.o
 .debug_aranges
                0x00000000000000b0       0x78 ./MCAL/GPIO/GPIO_Program.o
 .debug_aranges
                0x0000000000000128       0x50 ./MCAL/RCC/RCC_Program.o
 .debug_aranges
                0x0000000000000178       0x70 ./MCAL/TIMER/TIMER_Program.o
 .debug_aranges
                0x00000000000001e8       0x58 ./Src/main.o
 .debug_aranges
                0x0000000000000240       0x28 ./Startup/startup_stm32g431cbtx.o

.debug_rnglists
                0x0000000000000000      0x1c9
 .debug_rnglists
                0x0000000000000000       0x19 ./HAL/LIMSWI/LIMSWI_Program.o
 .debug_rnglists
                0x0000000000000019       0x29 ./HAL/STEPPER/STEPPER_Program.o
 .debug_rnglists
                0x0000000000000042       0x3a ./MCAL/FDCAN/CAN_Program.o
 .debug_rnglists
                0x000000000000007c       0x5f ./MCAL/GPIO/GPIO_Program.o
 .debug_rnglists
                0x00000000000000db       0x3e ./MCAL/RCC/RCC_Program.o
 .debug_rnglists
                0x0000000000000119       0x56 ./MCAL/TIMER/TIMER_Program.o
 .debug_rnglists
                0x000000000000016f       0x41 ./Src/main.o
 .debug_rnglists
                0x00000000000001b0       0x19 ./Startup/startup_stm32g431cbtx.o

.debug_macro    0x0000000000000000     0x1582
 .debug_macro   0x0000000000000000       0x66 ./HAL/LIMSWI/LIMSWI_Program.o
 .debug_macro   0x0000000000000066      0xaae ./HAL/LIMSWI/LIMSWI_Program.o
 .debug_macro   0x0000000000000b14       0x10 ./HAL/LIMSWI/LIMSWI_Program.o
 .debug_macro   0x0000000000000b24       0x3a ./HAL/LIMSWI/LIMSWI_Program.o
 .debug_macro   0x0000000000000b5e       0x5e ./HAL/LIMSWI/LIMSWI_Program.o
 .debug_macro   0x0000000000000bbc      0x148 ./HAL/LIMSWI/LIMSWI_Program.o
 .debug_macro   0x0000000000000d04       0x10 ./HAL/LIMSWI/LIMSWI_Program.o
 .debug_macro   0x0000000000000d14       0x7e ./HAL/STEPPER/STEPPER_Program.o
 .debug_macro   0x0000000000000d92      0x1eb ./HAL/STEPPER/STEPPER_Program.o
 .debug_macro   0x0000000000000f7d       0xe2 ./HAL/STEPPER/STEPPER_Program.o
 .debug_macro   0x000000000000105f       0x10 ./HAL/STEPPER/STEPPER_Program.o
 .debug_macro   0x000000000000106f       0x3b ./MCAL/FDCAN/CAN_Program.o
 .debug_macro   0x00000000000010aa       0x52 ./MCAL/FDCAN/CAN_Program.o
 .debug_macro   0x00000000000010fc       0x94 ./MCAL/FDCAN/CAN_Program.o
 .debug_macro   0x0000000000001190       0x6a ./MCAL/FDCAN/CAN_Program.o
 .debug_macro   0x00000000000011fa       0x45 ./MCAL/GPIO/GPIO_Program.o
 .debug_macro   0x000000000000123f       0x44 ./MCAL/RCC/RCC_Program.o
 .debug_macro   0x0000000000001283      0x143 ./MCAL/RCC/RCC_Program.o
 .debug_macro   0x00000000000013c6       0x16 ./MCAL/RCC/RCC_Program.o
 .debug_macro   0x00000000000013dc       0x34 ./MCAL/RCC/RCC_Program.o
 .debug_macro   0x0000000000001410       0x3f ./MCAL/TIMER/TIMER_Program.o
 .debug_macro   0x000000000000144f      0x133 ./Src/main.o

.debug_line     0x0000000000000000     0x1c44
 .debug_line    0x0000000000000000      0x136 ./HAL/LIMSWI/LIMSWI_Program.o
 .debug_line    0x0000000000000136      0x24e ./HAL/STEPPER/STEPPER_Program.o
 .debug_line    0x0000000000000384      0x513 ./MCAL/FDCAN/CAN_Program.o
 .debug_line    0x0000000000000897      0x495 ./MCAL/GPIO/GPIO_Program.o
 .debug_line    0x0000000000000d2c      0x23a ./MCAL/RCC/RCC_Program.o
 .debug_line    0x0000000000000f66      0x57b ./MCAL/TIMER/TIMER_Program.o
 .debug_line    0x00000000000014e1      0x6e8 ./Src/main.o
 .debug_line    0x0000000000001bc9       0x7b ./Startup/startup_stm32g431cbtx.o

.debug_str      0x0000000000000000     0x5bf1
 .debug_str     0x0000000000000000     0x3561 ./HAL/LIMSWI/LIMSWI_Program.o
                                       0x35de (size before relaxing)
 .debug_str     0x0000000000003561      0x9f1 ./HAL/STEPPER/STEPPER_Program.o
                                       0x3ef6 (size before relaxing)
 .debug_str     0x0000000000003f52      0x9f4 ./MCAL/FDCAN/CAN_Program.o
                                       0x3818 (size before relaxing)
 .debug_str     0x0000000000004946      0x1c0 ./MCAL/GPIO/GPIO_Program.o
                                       0x36df (size before relaxing)
 .debug_str     0x0000000000004b06      0x87e ./MCAL/RCC/RCC_Program.o
                                       0x3814 (size before relaxing)
 .debug_str     0x0000000000005384      0x233 ./MCAL/TIMER/TIMER_Program.o
                                       0x39ae (size before relaxing)
 .debug_str     0x00000000000055b7      0x60b ./Src/main.o
                                       0x5488 (size before relaxing)
 .debug_str     0x0000000000005bc2       0x2f ./Startup/startup_stm32g431cbtx.o
                                         0x50 (size before relaxing)

.debug_frame    0x0000000000000000      0x838
 .debug_frame   0x0000000000000000       0x50 ./HAL/LIMSWI/LIMSWI_Program.o
 .debug_frame   0x0000000000000050       0xa0 ./HAL/STEPPER/STEPPER_Program.o
 .debug_frame   0x00000000000000f0      0x128 ./MCAL/FDCAN/CAN_Program.o
 .debug_frame   0x0000000000000218      0x1ec ./MCAL/GPIO/GPIO_Program.o
 .debug_frame   0x0000000000000404      0x120 ./MCAL/RCC/RCC_Program.o
 .debug_frame   0x0000000000000524      0x1c4 ./MCAL/TIMER/TIMER_Program.o
 .debug_frame   0x00000000000006e8      0x124 ./Src/main.o
 .debug_frame   0x000000000000080c       0x2c D:/Apps/Technical Apps/Windows/STM32CubeIDE_1.14.0/STM32CubeIDE/plugins/com.st.stm32cube.ide.mcu.externaltools.gnu-tools-for-stm32.11.3.rel1.win32_1.1.100.202309141235/tools/bin/../lib/gcc/arm-none-eabi/11.3.1/../../../../arm-none-eabi/lib/thumb/v7e-m+fp/hard\libc_nano.a(libc_a-init.o)

.debug_line_str
                0x0000000000000000       0x44
 .debug_line_str
                0x0000000000000000       0x44 ./Startup/startup_stm32g431cbtx.o
                                         0x5c (size before relaxing)
