Archive member included to satisfy reference by file (symbol)

d:/stm32cubeide/install/stm32cubeide_1.10.1/stm32cubeide/plugins/com.st.stm32cube.ide.mcu.externaltools.gnu-tools-for-stm32.10.3-2021.10.win32_1.0.0.202111181127/tools/bin/../lib/gcc/arm-none-eabi/10.3.1/../../../../arm-none-eabi/lib/thumb/v7e-m+fp/hard\libc_nano.a(lib_a-errno.o)
                              ./Src/syscalls.o (__errno)
d:/stm32cubeide/install/stm32cubeide_1.10.1/stm32cubeide/plugins/com.st.stm32cube.ide.mcu.externaltools.gnu-tools-for-stm32.10.3-2021.10.win32_1.0.0.202111181127/tools/bin/../lib/gcc/arm-none-eabi/10.3.1/../../../../arm-none-eabi/lib/thumb/v7e-m+fp/hard\libc_nano.a(lib_a-exit.o)
                              d:/stm32cubeide/install/stm32cubeide_1.10.1/stm32cubeide/plugins/com.st.stm32cube.ide.mcu.externaltools.gnu-tools-for-stm32.10.3-2021.10.win32_1.0.0.202111181127/tools/bin/../lib/gcc/arm-none-eabi/10.3.1/../../../../arm-none-eabi/lib/thumb/v7e-m+fp/hard/crt0.o (exit)
d:/stm32cubeide/install/stm32cubeide_1.10.1/stm32cubeide/plugins/com.st.stm32cube.ide.mcu.externaltools.gnu-tools-for-stm32.10.3-2021.10.win32_1.0.0.202111181127/tools/bin/../lib/gcc/arm-none-eabi/10.3.1/../../../../arm-none-eabi/lib/thumb/v7e-m+fp/hard\libc_nano.a(lib_a-impure.o)
                              d:/stm32cubeide/install/stm32cubeide_1.10.1/stm32cubeide/plugins/com.st.stm32cube.ide.mcu.externaltools.gnu-tools-for-stm32.10.3-2021.10.win32_1.0.0.202111181127/tools/bin/../lib/gcc/arm-none-eabi/10.3.1/../../../../arm-none-eabi/lib/thumb/v7e-m+fp/hard\libc_nano.a(lib_a-exit.o) (_global_impure_ptr)
d:/stm32cubeide/install/stm32cubeide_1.10.1/stm32cubeide/plugins/com.st.stm32cube.ide.mcu.externaltools.gnu-tools-for-stm32.10.3-2021.10.win32_1.0.0.202111181127/tools/bin/../lib/gcc/arm-none-eabi/10.3.1/../../../../arm-none-eabi/lib/thumb/v7e-m+fp/hard\libc_nano.a(lib_a-init.o)
                              d:/stm32cubeide/install/stm32cubeide_1.10.1/stm32cubeide/plugins/com.st.stm32cube.ide.mcu.externaltools.gnu-tools-for-stm32.10.3-2021.10.win32_1.0.0.202111181127/tools/bin/../lib/gcc/arm-none-eabi/10.3.1/../../../../arm-none-eabi/lib/thumb/v7e-m+fp/hard/crt0.o (__libc_init_array)
d:/stm32cubeide/install/stm32cubeide_1.10.1/stm32cubeide/plugins/com.st.stm32cube.ide.mcu.externaltools.gnu-tools-for-stm32.10.3-2021.10.win32_1.0.0.202111181127/tools/bin/../lib/gcc/arm-none-eabi/10.3.1/../../../../arm-none-eabi/lib/thumb/v7e-m+fp/hard\libc_nano.a(lib_a-memset.o)
                              d:/stm32cubeide/install/stm32cubeide_1.10.1/stm32cubeide/plugins/com.st.stm32cube.ide.mcu.externaltools.gnu-tools-for-stm32.10.3-2021.10.win32_1.0.0.202111181127/tools/bin/../lib/gcc/arm-none-eabi/10.3.1/../../../../arm-none-eabi/lib/thumb/v7e-m+fp/hard/crt0.o (memset)

Discarded input sections

 .text          0x0000000000000000        0x0 d:/stm32cubeide/install/stm32cubeide_1.10.1/stm32cubeide/plugins/com.st.stm32cube.ide.mcu.externaltools.gnu-tools-for-stm32.10.3-2021.10.win32_1.0.0.202111181127/tools/bin/../lib/gcc/arm-none-eabi/10.3.1/thumb/v7e-m+fp/hard/crti.o
 .data          0x0000000000000000        0x0 d:/stm32cubeide/install/stm32cubeide_1.10.1/stm32cubeide/plugins/com.st.stm32cube.ide.mcu.externaltools.gnu-tools-for-stm32.10.3-2021.10.win32_1.0.0.202111181127/tools/bin/../lib/gcc/arm-none-eabi/10.3.1/thumb/v7e-m+fp/hard/crti.o
 .bss           0x0000000000000000        0x0 d:/stm32cubeide/install/stm32cubeide_1.10.1/stm32cubeide/plugins/com.st.stm32cube.ide.mcu.externaltools.gnu-tools-for-stm32.10.3-2021.10.win32_1.0.0.202111181127/tools/bin/../lib/gcc/arm-none-eabi/10.3.1/thumb/v7e-m+fp/hard/crti.o
 .data          0x0000000000000000        0x4 d:/stm32cubeide/install/stm32cubeide_1.10.1/stm32cubeide/plugins/com.st.stm32cube.ide.mcu.externaltools.gnu-tools-for-stm32.10.3-2021.10.win32_1.0.0.202111181127/tools/bin/../lib/gcc/arm-none-eabi/10.3.1/thumb/v7e-m+fp/hard/crtbegin.o
 .rodata        0x0000000000000000       0x24 d:/stm32cubeide/install/stm32cubeide_1.10.1/stm32cubeide/plugins/com.st.stm32cube.ide.mcu.externaltools.gnu-tools-for-stm32.10.3-2021.10.win32_1.0.0.202111181127/tools/bin/../lib/gcc/arm-none-eabi/10.3.1/thumb/v7e-m+fp/hard/crtbegin.o
 .text          0x0000000000000000       0x7c d:/stm32cubeide/install/stm32cubeide_1.10.1/stm32cubeide/plugins/com.st.stm32cube.ide.mcu.externaltools.gnu-tools-for-stm32.10.3-2021.10.win32_1.0.0.202111181127/tools/bin/../lib/gcc/arm-none-eabi/10.3.1/../../../../arm-none-eabi/lib/thumb/v7e-m+fp/hard/crt0.o
 .data          0x0000000000000000        0x0 d:/stm32cubeide/install/stm32cubeide_1.10.1/stm32cubeide/plugins/com.st.stm32cube.ide.mcu.externaltools.gnu-tools-for-stm32.10.3-2021.10.win32_1.0.0.202111181127/tools/bin/../lib/gcc/arm-none-eabi/10.3.1/../../../../arm-none-eabi/lib/thumb/v7e-m+fp/hard/crt0.o
 .bss           0x0000000000000000        0x0 d:/stm32cubeide/install/stm32cubeide_1.10.1/stm32cubeide/plugins/com.st.stm32cube.ide.mcu.externaltools.gnu-tools-for-stm32.10.3-2021.10.win32_1.0.0.202111181127/tools/bin/../lib/gcc/arm-none-eabi/10.3.1/../../../../arm-none-eabi/lib/thumb/v7e-m+fp/hard/crt0.o
 .ARM.extab     0x0000000000000000        0x0 d:/stm32cubeide/install/stm32cubeide_1.10.1/stm32cubeide/plugins/com.st.stm32cube.ide.mcu.externaltools.gnu-tools-for-stm32.10.3-2021.10.win32_1.0.0.202111181127/tools/bin/../lib/gcc/arm-none-eabi/10.3.1/../../../../arm-none-eabi/lib/thumb/v7e-m+fp/hard/crt0.o
 .ARM.exidx     0x0000000000000000       0x10 d:/stm32cubeide/install/stm32cubeide_1.10.1/stm32cubeide/plugins/com.st.stm32cube.ide.mcu.externaltools.gnu-tools-for-stm32.10.3-2021.10.win32_1.0.0.202111181127/tools/bin/../lib/gcc/arm-none-eabi/10.3.1/../../../../arm-none-eabi/lib/thumb/v7e-m+fp/hard/crt0.o
 .ARM.attributes
                0x0000000000000000       0x1c d:/stm32cubeide/install/stm32cubeide_1.10.1/stm32cubeide/plugins/com.st.stm32cube.ide.mcu.externaltools.gnu-tools-for-stm32.10.3-2021.10.win32_1.0.0.202111181127/tools/bin/../lib/gcc/arm-none-eabi/10.3.1/../../../../arm-none-eabi/lib/thumb/v7e-m+fp/hard/crt0.o
 .group         0x0000000000000000        0xc ./HAL/LIMSWI/LIMSWI_Program.o
 .group         0x0000000000000000        0xc ./HAL/LIMSWI/LIMSWI_Program.o
 .group         0x0000000000000000        0xc ./HAL/LIMSWI/LIMSWI_Program.o
 .group         0x0000000000000000        0xc ./HAL/LIMSWI/LIMSWI_Program.o
 .group         0x0000000000000000        0xc ./HAL/LIMSWI/LIMSWI_Program.o
 .group         0x0000000000000000        0xc ./HAL/LIMSWI/LIMSWI_Program.o
 .text          0x0000000000000000        0x0 ./HAL/LIMSWI/LIMSWI_Program.o
 .data          0x0000000000000000        0x0 ./HAL/LIMSWI/LIMSWI_Program.o
 .bss           0x0000000000000000        0x0 ./HAL/LIMSWI/LIMSWI_Program.o
 .group         0x0000000000000000        0xc ./HAL/STEPPER/STEPPER_Program.o
 .group         0x0000000000000000        0xc ./HAL/STEPPER/STEPPER_Program.o
 .group         0x0000000000000000        0xc ./HAL/STEPPER/STEPPER_Program.o
 .group         0x0000000000000000        0xc ./HAL/STEPPER/STEPPER_Program.o
 .group         0x0000000000000000        0xc ./HAL/STEPPER/STEPPER_Program.o
 .group         0x0000000000000000        0xc ./HAL/STEPPER/STEPPER_Program.o
 .group         0x0000000000000000        0xc ./HAL/STEPPER/STEPPER_Program.o
 .group         0x0000000000000000        0xc ./HAL/STEPPER/STEPPER_Program.o
 .text          0x0000000000000000        0x0 ./HAL/STEPPER/STEPPER_Program.o
 .data          0x0000000000000000        0x0 ./HAL/STEPPER/STEPPER_Program.o
 .bss           0x0000000000000000        0x0 ./HAL/STEPPER/STEPPER_Program.o
 .data.STEPPER_mod
                0x0000000000000000       0x20 ./HAL/STEPPER/STEPPER_Program.o
 .rodata        0x0000000000000000        0x7 ./HAL/STEPPER/STEPPER_Program.o
 .text.STEPPER_voidMotorStep
                0x0000000000000000       0x88 ./HAL/STEPPER/STEPPER_Program.o
 .debug_macro   0x0000000000000000      0xa7e ./HAL/STEPPER/STEPPER_Program.o
 .debug_macro   0x0000000000000000       0x10 ./HAL/STEPPER/STEPPER_Program.o
 .debug_macro   0x0000000000000000       0x3a ./HAL/STEPPER/STEPPER_Program.o
 .debug_macro   0x0000000000000000       0x5e ./HAL/STEPPER/STEPPER_Program.o
 .debug_macro   0x0000000000000000      0x148 ./HAL/STEPPER/STEPPER_Program.o
 .group         0x0000000000000000        0xc ./MCAL/ADC/ADC_Program.o
 .group         0x0000000000000000        0xc ./MCAL/ADC/ADC_Program.o
 .group         0x0000000000000000        0xc ./MCAL/ADC/ADC_Program.o
 .group         0x0000000000000000        0xc ./MCAL/ADC/ADC_Program.o
 .text          0x0000000000000000        0x0 ./MCAL/ADC/ADC_Program.o
 .data          0x0000000000000000        0x0 ./MCAL/ADC/ADC_Program.o
 .bss           0x0000000000000000        0x0 ./MCAL/ADC/ADC_Program.o
 .text.ADC_voidInit
                0x0000000000000000      0x2bc ./MCAL/ADC/ADC_Program.o
 .text.ADC_voidStartConversion
                0x0000000000000000       0x74 ./MCAL/ADC/ADC_Program.o
 .text.ADC_voidSingleRead
                0x0000000000000000       0xac ./MCAL/ADC/ADC_Program.o
 .debug_info    0x0000000000000000      0x497 ./MCAL/ADC/ADC_Program.o
 .debug_abbrev  0x0000000000000000      0x125 ./MCAL/ADC/ADC_Program.o
 .debug_aranges
                0x0000000000000000       0x30 ./MCAL/ADC/ADC_Program.o
 .debug_ranges  0x0000000000000000       0x20 ./MCAL/ADC/ADC_Program.o
 .debug_macro   0x0000000000000000       0x3c ./MCAL/ADC/ADC_Program.o
 .debug_macro   0x0000000000000000      0xa7e ./MCAL/ADC/ADC_Program.o
 .debug_macro   0x0000000000000000       0x10 ./MCAL/ADC/ADC_Program.o
 .debug_macro   0x0000000000000000       0x58 ./MCAL/ADC/ADC_Program.o
 .debug_macro   0x0000000000000000       0x34 ./MCAL/ADC/ADC_Program.o
 .debug_line    0x0000000000000000      0x326 ./MCAL/ADC/ADC_Program.o
 .debug_str     0x0000000000000000     0x3332 ./MCAL/ADC/ADC_Program.o
 .comment       0x0000000000000000       0x51 ./MCAL/ADC/ADC_Program.o
 .debug_frame   0x0000000000000000       0x90 ./MCAL/ADC/ADC_Program.o
 .ARM.attributes
                0x0000000000000000       0x34 ./MCAL/ADC/ADC_Program.o
 .group         0x0000000000000000        0xc ./MCAL/FDCAN/CAN_Program.o
 .group         0x0000000000000000        0xc ./MCAL/FDCAN/CAN_Program.o
 .group         0x0000000000000000        0xc ./MCAL/FDCAN/CAN_Program.o
 .group         0x0000000000000000        0xc ./MCAL/FDCAN/CAN_Program.o
 .group         0x0000000000000000        0xc ./MCAL/FDCAN/CAN_Program.o
 .text          0x0000000000000000        0x0 ./MCAL/FDCAN/CAN_Program.o
 .data          0x0000000000000000        0x0 ./MCAL/FDCAN/CAN_Program.o
 .bss           0x0000000000000000        0x0 ./MCAL/FDCAN/CAN_Program.o
 .text.CAN_u8IsRxBufferFull
                0x0000000000000000       0x42 ./MCAL/FDCAN/CAN_Program.o
 .text.CAN_voidSendDataFrame
                0x0000000000000000      0x178 ./MCAL/FDCAN/CAN_Program.o
 .text.CAN_u8GetPendingMessagesCount
                0x0000000000000000       0x22 ./MCAL/FDCAN/CAN_Program.o
 .text.CAN_u8IsTxBufferFull
                0x0000000000000000       0x24 ./MCAL/FDCAN/CAN_Program.o
 .debug_macro   0x0000000000000000      0xa7e ./MCAL/FDCAN/CAN_Program.o
 .debug_macro   0x0000000000000000       0x10 ./MCAL/FDCAN/CAN_Program.o
 .group         0x0000000000000000        0xc ./MCAL/GPIO/GPIO_Program.o
 .group         0x0000000000000000        0xc ./MCAL/GPIO/GPIO_Program.o
 .group         0x0000000000000000        0xc ./MCAL/GPIO/GPIO_Program.o
 .group         0x0000000000000000        0xc ./MCAL/GPIO/GPIO_Program.o
 .group         0x0000000000000000        0xc ./MCAL/GPIO/GPIO_Program.o
 .text          0x0000000000000000        0x0 ./MCAL/GPIO/GPIO_Program.o
 .data          0x0000000000000000        0x0 ./MCAL/GPIO/GPIO_Program.o
 .bss           0x0000000000000000        0x0 ./MCAL/GPIO/GPIO_Program.o
 .text.GPIO_voidSetPortValue
                0x0000000000000000       0x94 ./MCAL/GPIO/GPIO_Program.o
 .text.GPIO_u16GetPortData
                0x0000000000000000       0x94 ./MCAL/GPIO/GPIO_Program.o
 .text.GPIO_voidTogglePort
                0x0000000000000000       0x9c ./MCAL/GPIO/GPIO_Program.o
 .text.GPIO_voidInitPort
                0x0000000000000000       0x66 ./MCAL/GPIO/GPIO_Program.o
 .debug_macro   0x0000000000000000      0xa7e ./MCAL/GPIO/GPIO_Program.o
 .debug_macro   0x0000000000000000       0x10 ./MCAL/GPIO/GPIO_Program.o
 .debug_macro   0x0000000000000000       0x3a ./MCAL/GPIO/GPIO_Program.o
 .debug_macro   0x0000000000000000       0x5e ./MCAL/GPIO/GPIO_Program.o
 .debug_macro   0x0000000000000000      0x148 ./MCAL/GPIO/GPIO_Program.o
 .group         0x0000000000000000        0xc ./MCAL/RCC/RCC_Program.o
 .group         0x0000000000000000        0xc ./MCAL/RCC/RCC_Program.o
 .group         0x0000000000000000        0xc ./MCAL/RCC/RCC_Program.o
 .group         0x0000000000000000        0xc ./MCAL/RCC/RCC_Program.o
 .group         0x0000000000000000        0xc ./MCAL/RCC/RCC_Program.o
 .group         0x0000000000000000        0xc ./MCAL/RCC/RCC_Program.o
 .text          0x0000000000000000        0x0 ./MCAL/RCC/RCC_Program.o
 .data          0x0000000000000000        0x0 ./MCAL/RCC/RCC_Program.o
 .bss           0x0000000000000000        0x0 ./MCAL/RCC/RCC_Program.o
 .text.RCC_voidPeripheralClockDisable
                0x0000000000000000       0xd4 ./MCAL/RCC/RCC_Program.o
 .text.RCC_voidSSMPeripheralClockEnable
                0x0000000000000000       0xcc ./MCAL/RCC/RCC_Program.o
 .text.RCC_voidSSMPeripheralClockDisable
                0x0000000000000000       0xd8 ./MCAL/RCC/RCC_Program.o
 .text.RCC_voidPeripheralReset
                0x0000000000000000       0xc8 ./MCAL/RCC/RCC_Program.o
 .text.RCC_voidPeripheralClockCfg
                0x0000000000000000      0x1d8 ./MCAL/RCC/RCC_Program.o
 .debug_macro   0x0000000000000000      0xa7e ./MCAL/RCC/RCC_Program.o
 .debug_macro   0x0000000000000000       0x3a ./MCAL/RCC/RCC_Program.o
 .debug_macro   0x0000000000000000       0x10 ./MCAL/RCC/RCC_Program.o
 .group         0x0000000000000000        0xc ./MCAL/TIMER/TIMER_Program.o
 .group         0x0000000000000000        0xc ./MCAL/TIMER/TIMER_Program.o
 .group         0x0000000000000000        0xc ./MCAL/TIMER/TIMER_Program.o
 .group         0x0000000000000000        0xc ./MCAL/TIMER/TIMER_Program.o
 .group         0x0000000000000000        0xc ./MCAL/TIMER/TIMER_Program.o
 .text          0x0000000000000000        0x0 ./MCAL/TIMER/TIMER_Program.o
 .data          0x0000000000000000        0x0 ./MCAL/TIMER/TIMER_Program.o
 .bss           0x0000000000000000        0x0 ./MCAL/TIMER/TIMER_Program.o
 .text.TIMERx_voidCfg_IC
                0x0000000000000000      0x28c ./MCAL/TIMER/TIMER_Program.o
 .text.TIMER_voidSelectEdge
                0x0000000000000000      0x1fc ./MCAL/TIMER/TIMER_Program.o
 .text.TIMERx_u32GetCaptureValue
                0x0000000000000000       0xa4 ./MCAL/TIMER/TIMER_Program.o
 .text.TIMERx_voidCfg_PWM
                0x0000000000000000      0x372 ./MCAL/TIMER/TIMER_Program.o
 .text.TIMERx_voidCfg_PulseIn
                0x0000000000000000      0x1dc ./MCAL/TIMER/TIMER_Program.o
 .text.TIMERx_xMeasurePWM
                0x0000000000000000       0x88 ./MCAL/TIMER/TIMER_Program.o
 .text.TIMERx_voidSetPeriod_DutyCycle
                0x0000000000000000       0xc0 ./MCAL/TIMER/TIMER_Program.o
 .debug_macro   0x0000000000000000      0xa7e ./MCAL/TIMER/TIMER_Program.o
 .debug_macro   0x0000000000000000       0x10 ./MCAL/TIMER/TIMER_Program.o
 .debug_macro   0x0000000000000000       0x3a ./MCAL/TIMER/TIMER_Program.o
 .debug_macro   0x0000000000000000      0x1eb ./MCAL/TIMER/TIMER_Program.o
 .debug_macro   0x0000000000000000       0xe2 ./MCAL/TIMER/TIMER_Program.o
 .group         0x0000000000000000        0xc ./Src/main.o
 .group         0x0000000000000000        0xc ./Src/main.o
 .group         0x0000000000000000        0xc ./Src/main.o
 .group         0x0000000000000000        0xc ./Src/main.o
 .group         0x0000000000000000        0xc ./Src/main.o
 .group         0x0000000000000000        0xc ./Src/main.o
 .group         0x0000000000000000        0xc ./Src/main.o
 .group         0x0000000000000000        0xc ./Src/main.o
 .group         0x0000000000000000        0xc ./Src/main.o
 .group         0x0000000000000000        0xc ./Src/main.o
 .group         0x0000000000000000        0xc ./Src/main.o
 .group         0x0000000000000000        0xc ./Src/main.o
 .group         0x0000000000000000        0xc ./Src/main.o
 .group         0x0000000000000000        0xc ./Src/main.o
 .group         0x0000000000000000        0xc ./Src/main.o
 .text          0x0000000000000000        0x0 ./Src/main.o
 .data          0x0000000000000000        0x0 ./Src/main.o
 .bss           0x0000000000000000        0x0 ./Src/main.o
 .debug_macro   0x0000000000000000      0xa7e ./Src/main.o
 .debug_macro   0x0000000000000000       0x3a ./Src/main.o
 .debug_macro   0x0000000000000000       0x10 ./Src/main.o
 .debug_macro   0x0000000000000000      0x143 ./Src/main.o
 .debug_macro   0x0000000000000000       0x16 ./Src/main.o
 .debug_macro   0x0000000000000000       0x34 ./Src/main.o
 .debug_macro   0x0000000000000000       0x5e ./Src/main.o
 .debug_macro   0x0000000000000000      0x148 ./Src/main.o
 .debug_macro   0x0000000000000000      0x1eb ./Src/main.o
 .debug_macro   0x0000000000000000       0xe2 ./Src/main.o
 .debug_macro   0x0000000000000000       0x52 ./Src/main.o
 .debug_macro   0x0000000000000000       0x94 ./Src/main.o
 .debug_macro   0x0000000000000000       0x6a ./Src/main.o
 .debug_macro   0x0000000000000000       0x10 ./Src/main.o
 .debug_macro   0x0000000000000000       0x10 ./Src/main.o
 .group         0x0000000000000000        0xc ./Src/syscalls.o
 .group         0x0000000000000000        0xc ./Src/syscalls.o
 .group         0x0000000000000000        0xc ./Src/syscalls.o
 .group         0x0000000000000000        0xc ./Src/syscalls.o
 .group         0x0000000000000000        0xc ./Src/syscalls.o
 .group         0x0000000000000000        0xc ./Src/syscalls.o
 .group         0x0000000000000000        0xc ./Src/syscalls.o
 .group         0x0000000000000000        0xc ./Src/syscalls.o
 .group         0x0000000000000000        0xc ./Src/syscalls.o
 .group         0x0000000000000000        0xc ./Src/syscalls.o
 .group         0x0000000000000000        0xc ./Src/syscalls.o
 .group         0x0000000000000000        0xc ./Src/syscalls.o
 .group         0x0000000000000000        0xc ./Src/syscalls.o
 .group         0x0000000000000000        0xc ./Src/syscalls.o
 .group         0x0000000000000000        0xc ./Src/syscalls.o
 .group         0x0000000000000000        0xc ./Src/syscalls.o
 .group         0x0000000000000000        0xc ./Src/syscalls.o
 .group         0x0000000000000000        0xc ./Src/syscalls.o
 .group         0x0000000000000000        0xc ./Src/syscalls.o
 .group         0x0000000000000000        0xc ./Src/syscalls.o
 .group         0x0000000000000000        0xc ./Src/syscalls.o
 .group         0x0000000000000000        0xc ./Src/syscalls.o
 .group         0x0000000000000000        0xc ./Src/syscalls.o
 .group         0x0000000000000000        0xc ./Src/syscalls.o
 .group         0x0000000000000000        0xc ./Src/syscalls.o
 .group         0x0000000000000000        0xc ./Src/syscalls.o
 .group         0x0000000000000000        0xc ./Src/syscalls.o
 .group         0x0000000000000000        0xc ./Src/syscalls.o
 .group         0x0000000000000000        0xc ./Src/syscalls.o
 .group         0x0000000000000000        0xc ./Src/syscalls.o
 .group         0x0000000000000000        0xc ./Src/syscalls.o
 .group         0x0000000000000000        0xc ./Src/syscalls.o
 .group         0x0000000000000000        0xc ./Src/syscalls.o
 .group         0x0000000000000000        0xc ./Src/syscalls.o
 .group         0x0000000000000000        0xc ./Src/syscalls.o
 .group         0x0000000000000000        0xc ./Src/syscalls.o
 .group         0x0000000000000000        0xc ./Src/syscalls.o
 .group         0x0000000000000000        0xc ./Src/syscalls.o
 .group         0x0000000000000000        0xc ./Src/syscalls.o
 .group         0x0000000000000000        0xc ./Src/syscalls.o
 .group         0x0000000000000000        0xc ./Src/syscalls.o
 .group         0x0000000000000000        0xc ./Src/syscalls.o
 .group         0x0000000000000000        0xc ./Src/syscalls.o
 .group         0x0000000000000000        0xc ./Src/syscalls.o
 .group         0x0000000000000000        0xc ./Src/syscalls.o
 .group         0x0000000000000000        0xc ./Src/syscalls.o
 .group         0x0000000000000000        0xc ./Src/syscalls.o
 .text          0x0000000000000000        0x0 ./Src/syscalls.o
 .data          0x0000000000000000        0x0 ./Src/syscalls.o
 .bss           0x0000000000000000        0x0 ./Src/syscalls.o
 .bss.__env     0x0000000000000000        0x4 ./Src/syscalls.o
 .data.environ  0x0000000000000000        0x4 ./Src/syscalls.o
 .text.initialise_monitor_handles
                0x0000000000000000        0xe ./Src/syscalls.o
 .text._getpid  0x0000000000000000       0x10 ./Src/syscalls.o
 .text._kill    0x0000000000000000       0x20 ./Src/syscalls.o
 .text._exit    0x0000000000000000       0x14 ./Src/syscalls.o
 .text._read    0x0000000000000000       0x3a ./Src/syscalls.o
 .text._write   0x0000000000000000       0x38 ./Src/syscalls.o
 .text._close   0x0000000000000000       0x18 ./Src/syscalls.o
 .text._fstat   0x0000000000000000       0x20 ./Src/syscalls.o
 .text._isatty  0x0000000000000000       0x16 ./Src/syscalls.o
 .text._lseek   0x0000000000000000       0x1a ./Src/syscalls.o
 .text._open    0x0000000000000000       0x1c ./Src/syscalls.o
 .text._wait    0x0000000000000000       0x1e ./Src/syscalls.o
 .text._unlink  0x0000000000000000       0x1e ./Src/syscalls.o
 .text._times   0x0000000000000000       0x18 ./Src/syscalls.o
 .text._stat    0x0000000000000000       0x20 ./Src/syscalls.o
 .text._link    0x0000000000000000       0x20 ./Src/syscalls.o
 .text._fork    0x0000000000000000       0x16 ./Src/syscalls.o
 .text._execve  0x0000000000000000       0x22 ./Src/syscalls.o
 .debug_info    0x0000000000000000      0x6e0 ./Src/syscalls.o
 .debug_abbrev  0x0000000000000000      0x1b3 ./Src/syscalls.o
 .debug_aranges
                0x0000000000000000       0xa8 ./Src/syscalls.o
 .debug_ranges  0x0000000000000000       0x98 ./Src/syscalls.o
 .debug_macro   0x0000000000000000      0x24c ./Src/syscalls.o
 .debug_macro   0x0000000000000000      0xa7e ./Src/syscalls.o
 .debug_macro   0x0000000000000000       0x22 ./Src/syscalls.o
 .debug_macro   0x0000000000000000       0x4c ./Src/syscalls.o
 .debug_macro   0x0000000000000000       0x1e ./Src/syscalls.o
 .debug_macro   0x0000000000000000       0x94 ./Src/syscalls.o
 .debug_macro   0x0000000000000000       0x3c ./Src/syscalls.o
 .debug_macro   0x0000000000000000       0x34 ./Src/syscalls.o
 .debug_macro   0x0000000000000000       0x57 ./Src/syscalls.o
 .debug_macro   0x0000000000000000      0x174 ./Src/syscalls.o
 .debug_macro   0x0000000000000000      0x341 ./Src/syscalls.o
 .debug_macro   0x0000000000000000       0x16 ./Src/syscalls.o
 .debug_macro   0x0000000000000000       0x43 ./Src/syscalls.o
 .debug_macro   0x0000000000000000       0x34 ./Src/syscalls.o
 .debug_macro   0x0000000000000000       0x10 ./Src/syscalls.o
 .debug_macro   0x0000000000000000       0x58 ./Src/syscalls.o
 .debug_macro   0x0000000000000000       0x71 ./Src/syscalls.o
 .debug_macro   0x0000000000000000       0x1c ./Src/syscalls.o
 .debug_macro   0x0000000000000000      0x12a ./Src/syscalls.o
 .debug_macro   0x0000000000000000       0x10 ./Src/syscalls.o
 .debug_macro   0x0000000000000000       0x35 ./Src/syscalls.o
 .debug_macro   0x0000000000000000       0x10 ./Src/syscalls.o
 .debug_macro   0x0000000000000000       0x10 ./Src/syscalls.o
 .debug_macro   0x0000000000000000       0x10 ./Src/syscalls.o
 .debug_macro   0x0000000000000000       0x6a ./Src/syscalls.o
 .debug_macro   0x0000000000000000       0x1c ./Src/syscalls.o
 .debug_macro   0x0000000000000000       0x52 ./Src/syscalls.o
 .debug_macro   0x0000000000000000       0x22 ./Src/syscalls.o
 .debug_macro   0x0000000000000000       0x10 ./Src/syscalls.o
 .debug_macro   0x0000000000000000       0x52 ./Src/syscalls.o
 .debug_macro   0x0000000000000000       0xd5 ./Src/syscalls.o
 .debug_macro   0x0000000000000000       0x1c ./Src/syscalls.o
 .debug_macro   0x0000000000000000       0x3d ./Src/syscalls.o
 .debug_macro   0x0000000000000000       0x35 ./Src/syscalls.o
 .debug_macro   0x0000000000000000      0x12c ./Src/syscalls.o
 .debug_macro   0x0000000000000000       0x16 ./Src/syscalls.o
 .debug_macro   0x0000000000000000       0x16 ./Src/syscalls.o
 .debug_macro   0x0000000000000000       0x29 ./Src/syscalls.o
 .debug_macro   0x0000000000000000       0x10 ./Src/syscalls.o
 .debug_macro   0x0000000000000000      0x241 ./Src/syscalls.o
 .debug_macro   0x0000000000000000       0x1c ./Src/syscalls.o
 .debug_macro   0x0000000000000000       0x10 ./Src/syscalls.o
 .debug_macro   0x0000000000000000       0x10 ./Src/syscalls.o
 .debug_macro   0x0000000000000000       0x16 ./Src/syscalls.o
 .debug_macro   0x0000000000000000      0x145 ./Src/syscalls.o
 .debug_macro   0x0000000000000000      0x189 ./Src/syscalls.o
 .debug_macro   0x0000000000000000       0x16 ./Src/syscalls.o
 .debug_macro   0x0000000000000000       0xce ./Src/syscalls.o
 .debug_line    0x0000000000000000      0x93f ./Src/syscalls.o
 .debug_str     0x0000000000000000     0x8a7d ./Src/syscalls.o
 .comment       0x0000000000000000       0x51 ./Src/syscalls.o
 .debug_frame   0x0000000000000000      0x2ac ./Src/syscalls.o
 .ARM.attributes
                0x0000000000000000       0x34 ./Src/syscalls.o
 .group         0x0000000000000000        0xc ./Src/sysmem.o
 .group         0x0000000000000000        0xc ./Src/sysmem.o
 .group         0x0000000000000000        0xc ./Src/sysmem.o
 .group         0x0000000000000000        0xc ./Src/sysmem.o
 .group         0x0000000000000000        0xc ./Src/sysmem.o
 .group         0x0000000000000000        0xc ./Src/sysmem.o
 .group         0x0000000000000000        0xc ./Src/sysmem.o
 .group         0x0000000000000000        0xc ./Src/sysmem.o
 .group         0x0000000000000000        0xc ./Src/sysmem.o
 .group         0x0000000000000000        0xc ./Src/sysmem.o
 .group         0x0000000000000000        0xc ./Src/sysmem.o
 .group         0x0000000000000000        0xc ./Src/sysmem.o
 .group         0x0000000000000000        0xc ./Src/sysmem.o
 .group         0x0000000000000000        0xc ./Src/sysmem.o
 .group         0x0000000000000000        0xc ./Src/sysmem.o
 .group         0x0000000000000000        0xc ./Src/sysmem.o
 .group         0x0000000000000000        0xc ./Src/sysmem.o
 .group         0x0000000000000000        0xc ./Src/sysmem.o
 .group         0x0000000000000000        0xc ./Src/sysmem.o
 .group         0x0000000000000000        0xc ./Src/sysmem.o
 .group         0x0000000000000000        0xc ./Src/sysmem.o
 .group         0x0000000000000000        0xc ./Src/sysmem.o
 .text          0x0000000000000000        0x0 ./Src/sysmem.o
 .data          0x0000000000000000        0x0 ./Src/sysmem.o
 .bss           0x0000000000000000        0x0 ./Src/sysmem.o
 .bss.__sbrk_heap_end
                0x0000000000000000        0x4 ./Src/sysmem.o
 .text._sbrk    0x0000000000000000       0x6c ./Src/sysmem.o
 .debug_info    0x0000000000000000      0x171 ./Src/sysmem.o
 .debug_abbrev  0x0000000000000000       0xbb ./Src/sysmem.o
 .debug_aranges
                0x0000000000000000       0x20 ./Src/sysmem.o
 .debug_ranges  0x0000000000000000       0x10 ./Src/sysmem.o
 .debug_macro   0x0000000000000000       0xff ./Src/sysmem.o
 .debug_macro   0x0000000000000000      0xa7e ./Src/sysmem.o
 .debug_macro   0x0000000000000000       0x10 ./Src/sysmem.o
 .debug_macro   0x0000000000000000       0x22 ./Src/sysmem.o
 .debug_macro   0x0000000000000000       0x4c ./Src/sysmem.o
 .debug_macro   0x0000000000000000       0x1e ./Src/sysmem.o
 .debug_macro   0x0000000000000000       0x94 ./Src/sysmem.o
 .debug_macro   0x0000000000000000       0x3c ./Src/sysmem.o
 .debug_macro   0x0000000000000000       0x34 ./Src/sysmem.o
 .debug_macro   0x0000000000000000      0x174 ./Src/sysmem.o
 .debug_macro   0x0000000000000000       0x16 ./Src/sysmem.o
 .debug_macro   0x0000000000000000       0x43 ./Src/sysmem.o
 .debug_macro   0x0000000000000000       0x57 ./Src/sysmem.o
 .debug_macro   0x0000000000000000       0x34 ./Src/sysmem.o
 .debug_macro   0x0000000000000000       0x10 ./Src/sysmem.o
 .debug_macro   0x0000000000000000       0x58 ./Src/sysmem.o
 .debug_macro   0x0000000000000000       0x71 ./Src/sysmem.o
 .debug_macro   0x0000000000000000       0x1c ./Src/sysmem.o
 .debug_macro   0x0000000000000000      0x12a ./Src/sysmem.o
 .debug_macro   0x0000000000000000      0x23b ./Src/sysmem.o
 .debug_macro   0x0000000000000000      0x103 ./Src/sysmem.o
 .debug_macro   0x0000000000000000       0x6a ./Src/sysmem.o
 .debug_macro   0x0000000000000000      0x1df ./Src/sysmem.o
 .debug_line    0x0000000000000000      0x635 ./Src/sysmem.o
 .debug_str     0x0000000000000000     0x5db9 ./Src/sysmem.o
 .comment       0x0000000000000000       0x51 ./Src/sysmem.o
 .debug_frame   0x0000000000000000       0x34 ./Src/sysmem.o
 .ARM.attributes
                0x0000000000000000       0x34 ./Src/sysmem.o
 .text          0x0000000000000000       0x14 ./Startup/startup_stm32g431cbtx.o
 .data          0x0000000000000000        0x0 ./Startup/startup_stm32g431cbtx.o
 .bss           0x0000000000000000        0x0 ./Startup/startup_stm32g431cbtx.o
 .text          0x0000000000000000        0x0 d:/stm32cubeide/install/stm32cubeide_1.10.1/stm32cubeide/plugins/com.st.stm32cube.ide.mcu.externaltools.gnu-tools-for-stm32.10.3-2021.10.win32_1.0.0.202111181127/tools/bin/../lib/gcc/arm-none-eabi/10.3.1/../../../../arm-none-eabi/lib/thumb/v7e-m+fp/hard\libc_nano.a(lib_a-errno.o)
 .data          0x0000000000000000        0x0 d:/stm32cubeide/install/stm32cubeide_1.10.1/stm32cubeide/plugins/com.st.stm32cube.ide.mcu.externaltools.gnu-tools-for-stm32.10.3-2021.10.win32_1.0.0.202111181127/tools/bin/../lib/gcc/arm-none-eabi/10.3.1/../../../../arm-none-eabi/lib/thumb/v7e-m+fp/hard\libc_nano.a(lib_a-errno.o)
 .bss           0x0000000000000000        0x0 d:/stm32cubeide/install/stm32cubeide_1.10.1/stm32cubeide/plugins/com.st.stm32cube.ide.mcu.externaltools.gnu-tools-for-stm32.10.3-2021.10.win32_1.0.0.202111181127/tools/bin/../lib/gcc/arm-none-eabi/10.3.1/../../../../arm-none-eabi/lib/thumb/v7e-m+fp/hard\libc_nano.a(lib_a-errno.o)
 .text.__errno  0x0000000000000000        0xc d:/stm32cubeide/install/stm32cubeide_1.10.1/stm32cubeide/plugins/com.st.stm32cube.ide.mcu.externaltools.gnu-tools-for-stm32.10.3-2021.10.win32_1.0.0.202111181127/tools/bin/../lib/gcc/arm-none-eabi/10.3.1/../../../../arm-none-eabi/lib/thumb/v7e-m+fp/hard\libc_nano.a(lib_a-errno.o)
 .debug_frame   0x0000000000000000       0x20 d:/stm32cubeide/install/stm32cubeide_1.10.1/stm32cubeide/plugins/com.st.stm32cube.ide.mcu.externaltools.gnu-tools-for-stm32.10.3-2021.10.win32_1.0.0.202111181127/tools/bin/../lib/gcc/arm-none-eabi/10.3.1/../../../../arm-none-eabi/lib/thumb/v7e-m+fp/hard\libc_nano.a(lib_a-errno.o)
 .ARM.attributes
                0x0000000000000000       0x34 d:/stm32cubeide/install/stm32cubeide_1.10.1/stm32cubeide/plugins/com.st.stm32cube.ide.mcu.externaltools.gnu-tools-for-stm32.10.3-2021.10.win32_1.0.0.202111181127/tools/bin/../lib/gcc/arm-none-eabi/10.3.1/../../../../arm-none-eabi/lib/thumb/v7e-m+fp/hard\libc_nano.a(lib_a-errno.o)
 .text          0x0000000000000000        0x0 d:/stm32cubeide/install/stm32cubeide_1.10.1/stm32cubeide/plugins/com.st.stm32cube.ide.mcu.externaltools.gnu-tools-for-stm32.10.3-2021.10.win32_1.0.0.202111181127/tools/bin/../lib/gcc/arm-none-eabi/10.3.1/../../../../arm-none-eabi/lib/thumb/v7e-m+fp/hard\libc_nano.a(lib_a-exit.o)
 .data          0x0000000000000000        0x0 d:/stm32cubeide/install/stm32cubeide_1.10.1/stm32cubeide/plugins/com.st.stm32cube.ide.mcu.externaltools.gnu-tools-for-stm32.10.3-2021.10.win32_1.0.0.202111181127/tools/bin/../lib/gcc/arm-none-eabi/10.3.1/../../../../arm-none-eabi/lib/thumb/v7e-m+fp/hard\libc_nano.a(lib_a-exit.o)
 .bss           0x0000000000000000        0x0 d:/stm32cubeide/install/stm32cubeide_1.10.1/stm32cubeide/plugins/com.st.stm32cube.ide.mcu.externaltools.gnu-tools-for-stm32.10.3-2021.10.win32_1.0.0.202111181127/tools/bin/../lib/gcc/arm-none-eabi/10.3.1/../../../../arm-none-eabi/lib/thumb/v7e-m+fp/hard\libc_nano.a(lib_a-exit.o)
 .text.exit     0x0000000000000000       0x28 d:/stm32cubeide/install/stm32cubeide_1.10.1/stm32cubeide/plugins/com.st.stm32cube.ide.mcu.externaltools.gnu-tools-for-stm32.10.3-2021.10.win32_1.0.0.202111181127/tools/bin/../lib/gcc/arm-none-eabi/10.3.1/../../../../arm-none-eabi/lib/thumb/v7e-m+fp/hard\libc_nano.a(lib_a-exit.o)
 .debug_frame   0x0000000000000000       0x28 d:/stm32cubeide/install/stm32cubeide_1.10.1/stm32cubeide/plugins/com.st.stm32cube.ide.mcu.externaltools.gnu-tools-for-stm32.10.3-2021.10.win32_1.0.0.202111181127/tools/bin/../lib/gcc/arm-none-eabi/10.3.1/../../../../arm-none-eabi/lib/thumb/v7e-m+fp/hard\libc_nano.a(lib_a-exit.o)
 .ARM.attributes
                0x0000000000000000       0x34 d:/stm32cubeide/install/stm32cubeide_1.10.1/stm32cubeide/plugins/com.st.stm32cube.ide.mcu.externaltools.gnu-tools-for-stm32.10.3-2021.10.win32_1.0.0.202111181127/tools/bin/../lib/gcc/arm-none-eabi/10.3.1/../../../../arm-none-eabi/lib/thumb/v7e-m+fp/hard\libc_nano.a(lib_a-exit.o)
 .text          0x0000000000000000        0x0 d:/stm32cubeide/install/stm32cubeide_1.10.1/stm32cubeide/plugins/com.st.stm32cube.ide.mcu.externaltools.gnu-tools-for-stm32.10.3-2021.10.win32_1.0.0.202111181127/tools/bin/../lib/gcc/arm-none-eabi/10.3.1/../../../../arm-none-eabi/lib/thumb/v7e-m+fp/hard\libc_nano.a(lib_a-impure.o)
 .data          0x0000000000000000        0x0 d:/stm32cubeide/install/stm32cubeide_1.10.1/stm32cubeide/plugins/com.st.stm32cube.ide.mcu.externaltools.gnu-tools-for-stm32.10.3-2021.10.win32_1.0.0.202111181127/tools/bin/../lib/gcc/arm-none-eabi/10.3.1/../../../../arm-none-eabi/lib/thumb/v7e-m+fp/hard\libc_nano.a(lib_a-impure.o)
 .bss           0x0000000000000000        0x0 d:/stm32cubeide/install/stm32cubeide_1.10.1/stm32cubeide/plugins/com.st.stm32cube.ide.mcu.externaltools.gnu-tools-for-stm32.10.3-2021.10.win32_1.0.0.202111181127/tools/bin/../lib/gcc/arm-none-eabi/10.3.1/../../../../arm-none-eabi/lib/thumb/v7e-m+fp/hard\libc_nano.a(lib_a-impure.o)
 .data._impure_ptr
                0x0000000000000000        0x4 d:/stm32cubeide/install/stm32cubeide_1.10.1/stm32cubeide/plugins/com.st.stm32cube.ide.mcu.externaltools.gnu-tools-for-stm32.10.3-2021.10.win32_1.0.0.202111181127/tools/bin/../lib/gcc/arm-none-eabi/10.3.1/../../../../arm-none-eabi/lib/thumb/v7e-m+fp/hard\libc_nano.a(lib_a-impure.o)
 .data.impure_data
                0x0000000000000000       0x60 d:/stm32cubeide/install/stm32cubeide_1.10.1/stm32cubeide/plugins/com.st.stm32cube.ide.mcu.externaltools.gnu-tools-for-stm32.10.3-2021.10.win32_1.0.0.202111181127/tools/bin/../lib/gcc/arm-none-eabi/10.3.1/../../../../arm-none-eabi/lib/thumb/v7e-m+fp/hard\libc_nano.a(lib_a-impure.o)
 .rodata._global_impure_ptr
                0x0000000000000000        0x4 d:/stm32cubeide/install/stm32cubeide_1.10.1/stm32cubeide/plugins/com.st.stm32cube.ide.mcu.externaltools.gnu-tools-for-stm32.10.3-2021.10.win32_1.0.0.202111181127/tools/bin/../lib/gcc/arm-none-eabi/10.3.1/../../../../arm-none-eabi/lib/thumb/v7e-m+fp/hard\libc_nano.a(lib_a-impure.o)
 .ARM.attributes
                0x0000000000000000       0x34 d:/stm32cubeide/install/stm32cubeide_1.10.1/stm32cubeide/plugins/com.st.stm32cube.ide.mcu.externaltools.gnu-tools-for-stm32.10.3-2021.10.win32_1.0.0.202111181127/tools/bin/../lib/gcc/arm-none-eabi/10.3.1/../../../../arm-none-eabi/lib/thumb/v7e-m+fp/hard\libc_nano.a(lib_a-impure.o)
 .text          0x0000000000000000        0x0 d:/stm32cubeide/install/stm32cubeide_1.10.1/stm32cubeide/plugins/com.st.stm32cube.ide.mcu.externaltools.gnu-tools-for-stm32.10.3-2021.10.win32_1.0.0.202111181127/tools/bin/../lib/gcc/arm-none-eabi/10.3.1/../../../../arm-none-eabi/lib/thumb/v7e-m+fp/hard\libc_nano.a(lib_a-init.o)
 .data          0x0000000000000000        0x0 d:/stm32cubeide/install/stm32cubeide_1.10.1/stm32cubeide/plugins/com.st.stm32cube.ide.mcu.externaltools.gnu-tools-for-stm32.10.3-2021.10.win32_1.0.0.202111181127/tools/bin/../lib/gcc/arm-none-eabi/10.3.1/../../../../arm-none-eabi/lib/thumb/v7e-m+fp/hard\libc_nano.a(lib_a-init.o)
 .bss           0x0000000000000000        0x0 d:/stm32cubeide/install/stm32cubeide_1.10.1/stm32cubeide/plugins/com.st.stm32cube.ide.mcu.externaltools.gnu-tools-for-stm32.10.3-2021.10.win32_1.0.0.202111181127/tools/bin/../lib/gcc/arm-none-eabi/10.3.1/../../../../arm-none-eabi/lib/thumb/v7e-m+fp/hard\libc_nano.a(lib_a-init.o)
 .text          0x0000000000000000        0x0 d:/stm32cubeide/install/stm32cubeide_1.10.1/stm32cubeide/plugins/com.st.stm32cube.ide.mcu.externaltools.gnu-tools-for-stm32.10.3-2021.10.win32_1.0.0.202111181127/tools/bin/../lib/gcc/arm-none-eabi/10.3.1/../../../../arm-none-eabi/lib/thumb/v7e-m+fp/hard\libc_nano.a(lib_a-memset.o)
 .data          0x0000000000000000        0x0 d:/stm32cubeide/install/stm32cubeide_1.10.1/stm32cubeide/plugins/com.st.stm32cube.ide.mcu.externaltools.gnu-tools-for-stm32.10.3-2021.10.win32_1.0.0.202111181127/tools/bin/../lib/gcc/arm-none-eabi/10.3.1/../../../../arm-none-eabi/lib/thumb/v7e-m+fp/hard\libc_nano.a(lib_a-memset.o)
 .bss           0x0000000000000000        0x0 d:/stm32cubeide/install/stm32cubeide_1.10.1/stm32cubeide/plugins/com.st.stm32cube.ide.mcu.externaltools.gnu-tools-for-stm32.10.3-2021.10.win32_1.0.0.202111181127/tools/bin/../lib/gcc/arm-none-eabi/10.3.1/../../../../arm-none-eabi/lib/thumb/v7e-m+fp/hard\libc_nano.a(lib_a-memset.o)
 .text.memset   0x0000000000000000       0x10 d:/stm32cubeide/install/stm32cubeide_1.10.1/stm32cubeide/plugins/com.st.stm32cube.ide.mcu.externaltools.gnu-tools-for-stm32.10.3-2021.10.win32_1.0.0.202111181127/tools/bin/../lib/gcc/arm-none-eabi/10.3.1/../../../../arm-none-eabi/lib/thumb/v7e-m+fp/hard\libc_nano.a(lib_a-memset.o)
 .debug_frame   0x0000000000000000       0x20 d:/stm32cubeide/install/stm32cubeide_1.10.1/stm32cubeide/plugins/com.st.stm32cube.ide.mcu.externaltools.gnu-tools-for-stm32.10.3-2021.10.win32_1.0.0.202111181127/tools/bin/../lib/gcc/arm-none-eabi/10.3.1/../../../../arm-none-eabi/lib/thumb/v7e-m+fp/hard\libc_nano.a(lib_a-memset.o)
 .ARM.attributes
                0x0000000000000000       0x34 d:/stm32cubeide/install/stm32cubeide_1.10.1/stm32cubeide/plugins/com.st.stm32cube.ide.mcu.externaltools.gnu-tools-for-stm32.10.3-2021.10.win32_1.0.0.202111181127/tools/bin/../lib/gcc/arm-none-eabi/10.3.1/../../../../arm-none-eabi/lib/thumb/v7e-m+fp/hard\libc_nano.a(lib_a-memset.o)
 .text          0x0000000000000000        0x0 d:/stm32cubeide/install/stm32cubeide_1.10.1/stm32cubeide/plugins/com.st.stm32cube.ide.mcu.externaltools.gnu-tools-for-stm32.10.3-2021.10.win32_1.0.0.202111181127/tools/bin/../lib/gcc/arm-none-eabi/10.3.1/thumb/v7e-m+fp/hard/crtend.o
 .data          0x0000000000000000        0x0 d:/stm32cubeide/install/stm32cubeide_1.10.1/stm32cubeide/plugins/com.st.stm32cube.ide.mcu.externaltools.gnu-tools-for-stm32.10.3-2021.10.win32_1.0.0.202111181127/tools/bin/../lib/gcc/arm-none-eabi/10.3.1/thumb/v7e-m+fp/hard/crtend.o
 .bss           0x0000000000000000        0x0 d:/stm32cubeide/install/stm32cubeide_1.10.1/stm32cubeide/plugins/com.st.stm32cube.ide.mcu.externaltools.gnu-tools-for-stm32.10.3-2021.10.win32_1.0.0.202111181127/tools/bin/../lib/gcc/arm-none-eabi/10.3.1/thumb/v7e-m+fp/hard/crtend.o
 .rodata        0x0000000000000000       0x24 d:/stm32cubeide/install/stm32cubeide_1.10.1/stm32cubeide/plugins/com.st.stm32cube.ide.mcu.externaltools.gnu-tools-for-stm32.10.3-2021.10.win32_1.0.0.202111181127/tools/bin/../lib/gcc/arm-none-eabi/10.3.1/thumb/v7e-m+fp/hard/crtend.o
 .eh_frame      0x0000000000000000        0x4 d:/stm32cubeide/install/stm32cubeide_1.10.1/stm32cubeide/plugins/com.st.stm32cube.ide.mcu.externaltools.gnu-tools-for-stm32.10.3-2021.10.win32_1.0.0.202111181127/tools/bin/../lib/gcc/arm-none-eabi/10.3.1/thumb/v7e-m+fp/hard/crtend.o
 .ARM.attributes
                0x0000000000000000       0x34 d:/stm32cubeide/install/stm32cubeide_1.10.1/stm32cubeide/plugins/com.st.stm32cube.ide.mcu.externaltools.gnu-tools-for-stm32.10.3-2021.10.win32_1.0.0.202111181127/tools/bin/../lib/gcc/arm-none-eabi/10.3.1/thumb/v7e-m+fp/hard/crtend.o
 .text          0x0000000000000000        0x0 d:/stm32cubeide/install/stm32cubeide_1.10.1/stm32cubeide/plugins/com.st.stm32cube.ide.mcu.externaltools.gnu-tools-for-stm32.10.3-2021.10.win32_1.0.0.202111181127/tools/bin/../lib/gcc/arm-none-eabi/10.3.1/thumb/v7e-m+fp/hard/crtn.o
 .data          0x0000000000000000        0x0 d:/stm32cubeide/install/stm32cubeide_1.10.1/stm32cubeide/plugins/com.st.stm32cube.ide.mcu.externaltools.gnu-tools-for-stm32.10.3-2021.10.win32_1.0.0.202111181127/tools/bin/../lib/gcc/arm-none-eabi/10.3.1/thumb/v7e-m+fp/hard/crtn.o
 .bss           0x0000000000000000        0x0 d:/stm32cubeide/install/stm32cubeide_1.10.1/stm32cubeide/plugins/com.st.stm32cube.ide.mcu.externaltools.gnu-tools-for-stm32.10.3-2021.10.win32_1.0.0.202111181127/tools/bin/../lib/gcc/arm-none-eabi/10.3.1/thumb/v7e-m+fp/hard/crtn.o

Memory Configuration

Name             Origin             Length             Attributes
CCMSRAM          0x0000000010000000 0x0000000000002800 xrw
RAM              0x0000000020000000 0x0000000000008000 xrw
FLASH            0x0000000008000000 0x0000000000020000 xr
*default*        0x0000000000000000 0xffffffffffffffff

Linker script and memory map

LOAD d:/stm32cubeide/install/stm32cubeide_1.10.1/stm32cubeide/plugins/com.st.stm32cube.ide.mcu.externaltools.gnu-tools-for-stm32.10.3-2021.10.win32_1.0.0.202111181127/tools/bin/../lib/gcc/arm-none-eabi/10.3.1/thumb/v7e-m+fp/hard/crti.o
LOAD d:/stm32cubeide/install/stm32cubeide_1.10.1/stm32cubeide/plugins/com.st.stm32cube.ide.mcu.externaltools.gnu-tools-for-stm32.10.3-2021.10.win32_1.0.0.202111181127/tools/bin/../lib/gcc/arm-none-eabi/10.3.1/thumb/v7e-m+fp/hard/crtbegin.o
LOAD d:/stm32cubeide/install/stm32cubeide_1.10.1/stm32cubeide/plugins/com.st.stm32cube.ide.mcu.externaltools.gnu-tools-for-stm32.10.3-2021.10.win32_1.0.0.202111181127/tools/bin/../lib/gcc/arm-none-eabi/10.3.1/../../../../arm-none-eabi/lib/thumb/v7e-m+fp/hard/crt0.o
LOAD ./HAL/LIMSWI/LIMSWI_Program.o
LOAD ./HAL/STEPPER/STEPPER_Program.o
LOAD ./MCAL/ADC/ADC_Program.o
LOAD ./MCAL/FDCAN/CAN_Program.o
LOAD ./MCAL/GPIO/GPIO_Program.o
LOAD ./MCAL/RCC/RCC_Program.o
LOAD ./MCAL/TIMER/TIMER_Program.o
LOAD ./Src/main.o
LOAD ./Src/syscalls.o
LOAD ./Src/sysmem.o
LOAD ./Startup/startup_stm32g431cbtx.o
START GROUP
LOAD d:/stm32cubeide/install/stm32cubeide_1.10.1/stm32cubeide/plugins/com.st.stm32cube.ide.mcu.externaltools.gnu-tools-for-stm32.10.3-2021.10.win32_1.0.0.202111181127/tools/bin/../lib/gcc/arm-none-eabi/10.3.1/../../../../arm-none-eabi/lib/thumb/v7e-m+fp/hard\libc_nano.a
LOAD d:/stm32cubeide/install/stm32cubeide_1.10.1/stm32cubeide/plugins/com.st.stm32cube.ide.mcu.externaltools.gnu-tools-for-stm32.10.3-2021.10.win32_1.0.0.202111181127/tools/bin/../lib/gcc/arm-none-eabi/10.3.1/../../../../arm-none-eabi/lib/thumb/v7e-m+fp/hard\libm.a
END GROUP
START GROUP
LOAD d:/stm32cubeide/install/stm32cubeide_1.10.1/stm32cubeide/plugins/com.st.stm32cube.ide.mcu.externaltools.gnu-tools-for-stm32.10.3-2021.10.win32_1.0.0.202111181127/tools/bin/../lib/gcc/arm-none-eabi/10.3.1/thumb/v7e-m+fp/hard\libgcc.a
LOAD d:/stm32cubeide/install/stm32cubeide_1.10.1/stm32cubeide/plugins/com.st.stm32cube.ide.mcu.externaltools.gnu-tools-for-stm32.10.3-2021.10.win32_1.0.0.202111181127/tools/bin/../lib/gcc/arm-none-eabi/10.3.1/../../../../arm-none-eabi/lib/thumb/v7e-m+fp/hard\libc_nano.a
END GROUP
START GROUP
LOAD d:/stm32cubeide/install/stm32cubeide_1.10.1/stm32cubeide/plugins/com.st.stm32cube.ide.mcu.externaltools.gnu-tools-for-stm32.10.3-2021.10.win32_1.0.0.202111181127/tools/bin/../lib/gcc/arm-none-eabi/10.3.1/thumb/v7e-m+fp/hard\libgcc.a
LOAD d:/stm32cubeide/install/stm32cubeide_1.10.1/stm32cubeide/plugins/com.st.stm32cube.ide.mcu.externaltools.gnu-tools-for-stm32.10.3-2021.10.win32_1.0.0.202111181127/tools/bin/../lib/gcc/arm-none-eabi/10.3.1/../../../../arm-none-eabi/lib/thumb/v7e-m+fp/hard\libc_nano.a
LOAD d:/stm32cubeide/install/stm32cubeide_1.10.1/stm32cubeide/plugins/com.st.stm32cube.ide.mcu.externaltools.gnu-tools-for-stm32.10.3-2021.10.win32_1.0.0.202111181127/tools/bin/../lib/gcc/arm-none-eabi/10.3.1/../../../../arm-none-eabi/lib/thumb/v7e-m+fp/hard\libnosys.a
END GROUP
START GROUP
LOAD d:/stm32cubeide/install/stm32cubeide_1.10.1/stm32cubeide/plugins/com.st.stm32cube.ide.mcu.externaltools.gnu-tools-for-stm32.10.3-2021.10.win32_1.0.0.202111181127/tools/bin/../lib/gcc/arm-none-eabi/10.3.1/thumb/v7e-m+fp/hard\libgcc.a
LOAD d:/stm32cubeide/install/stm32cubeide_1.10.1/stm32cubeide/plugins/com.st.stm32cube.ide.mcu.externaltools.gnu-tools-for-stm32.10.3-2021.10.win32_1.0.0.202111181127/tools/bin/../lib/gcc/arm-none-eabi/10.3.1/../../../../arm-none-eabi/lib/thumb/v7e-m+fp/hard\libc_nano.a
LOAD d:/stm32cubeide/install/stm32cubeide_1.10.1/stm32cubeide/plugins/com.st.stm32cube.ide.mcu.externaltools.gnu-tools-for-stm32.10.3-2021.10.win32_1.0.0.202111181127/tools/bin/../lib/gcc/arm-none-eabi/10.3.1/../../../../arm-none-eabi/lib/thumb/v7e-m+fp/hard\libnosys.a
END GROUP
LOAD d:/stm32cubeide/install/stm32cubeide_1.10.1/stm32cubeide/plugins/com.st.stm32cube.ide.mcu.externaltools.gnu-tools-for-stm32.10.3-2021.10.win32_1.0.0.202111181127/tools/bin/../lib/gcc/arm-none-eabi/10.3.1/thumb/v7e-m+fp/hard/crtend.o
LOAD d:/stm32cubeide/install/stm32cubeide_1.10.1/stm32cubeide/plugins/com.st.stm32cube.ide.mcu.externaltools.gnu-tools-for-stm32.10.3-2021.10.win32_1.0.0.202111181127/tools/bin/../lib/gcc/arm-none-eabi/10.3.1/thumb/v7e-m+fp/hard/crtn.o
                0x0000000020008000                _estack = (ORIGIN (RAM) + LENGTH (RAM))
                0x0000000000000200                _Min_Heap_Size = 0x200
                0x0000000000000400                _Min_Stack_Size = 0x400

.isr_vector     0x0000000008000000      0x1d8
                0x0000000008000000                . = ALIGN (0x4)
 *(.isr_vector)
 .isr_vector    0x0000000008000000      0x1d8 ./Startup/startup_stm32g431cbtx.o
                0x0000000008000000                g_pfnVectors
                0x00000000080001d8                . = ALIGN (0x4)

.text           0x00000000080001d8     0x1520
                0x00000000080001d8                . = ALIGN (0x4)
 *(.text)
 .text          0x00000000080001d8       0x40 d:/stm32cubeide/install/stm32cubeide_1.10.1/stm32cubeide/plugins/com.st.stm32cube.ide.mcu.externaltools.gnu-tools-for-stm32.10.3-2021.10.win32_1.0.0.202111181127/tools/bin/../lib/gcc/arm-none-eabi/10.3.1/thumb/v7e-m+fp/hard/crtbegin.o
 *(.text*)
 .text.LIMSWI_voidSwitchInit
                0x0000000008000218       0x1c ./HAL/LIMSWI/LIMSWI_Program.o
                0x0000000008000218                LIMSWI_voidSwitchInit
 .text.LIMSWI_u8SwitchPress
                0x0000000008000234       0x34 ./HAL/LIMSWI/LIMSWI_Program.o
                0x0000000008000234                LIMSWI_u8SwitchPress
 .text.STEPPER_voidInitMotor
                0x0000000008000268       0xa6 ./HAL/STEPPER/STEPPER_Program.o
                0x0000000008000268                STEPPER_voidInitMotor
 .text.STEPPER_voidQuadMotorStep
                0x000000000800030e       0xe6 ./HAL/STEPPER/STEPPER_Program.o
                0x000000000800030e                STEPPER_voidQuadMotorStep
 .text.STEPPER_voidQuadMotorHome
                0x00000000080003f4       0xe6 ./HAL/STEPPER/STEPPER_Program.o
                0x00000000080003f4                STEPPER_voidQuadMotorHome
 *fill*         0x00000000080004da        0x2 
 .text.CAN_voidInit
                0x00000000080004dc      0x320 ./MCAL/FDCAN/CAN_Program.o
                0x00000000080004dc                CAN_voidInit
 .text.CAN_voidReceiveDataFrame
                0x00000000080007fc      0x28c ./MCAL/FDCAN/CAN_Program.o
                0x00000000080007fc                CAN_voidReceiveDataFrame
 .text.CAN_u8GetReceivedMessagesCount
                0x0000000008000a88       0x3e ./MCAL/FDCAN/CAN_Program.o
                0x0000000008000a88                CAN_u8GetReceivedMessagesCount
 *fill*         0x0000000008000ac6        0x2 
 .text.GPIO_voidSetPinMode
                0x0000000008000ac8       0xbc ./MCAL/GPIO/GPIO_Program.o
 .text.GPIO_voidSetPinOutput_typ_spd
                0x0000000008000b84       0xfc ./MCAL/GPIO/GPIO_Program.o
 .text.GPIO_voidSetPinValue
                0x0000000008000c80       0xc8 ./MCAL/GPIO/GPIO_Program.o
                0x0000000008000c80                GPIO_voidSetPinValue
 .text.GPIO_voidSetPinPUPD
                0x0000000008000d48       0xbc ./MCAL/GPIO/GPIO_Program.o
 .text.GPIO_u8GetPinData
                0x0000000008000e04       0xa4 ./MCAL/GPIO/GPIO_Program.o
                0x0000000008000e04                GPIO_u8GetPinData
 .text.GPIO_voidTogglePin
                0x0000000008000ea8       0xa0 ./MCAL/GPIO/GPIO_Program.o
                0x0000000008000ea8                GPIO_voidTogglePin
 .text.GPIO_voidAltFunc
                0x0000000008000f48       0xf4 ./MCAL/GPIO/GPIO_Program.o
 .text.GPIO_voidInitPin
                0x000000000800103c       0x5a ./MCAL/GPIO/GPIO_Program.o
                0x000000000800103c                GPIO_voidInitPin
 *fill*         0x0000000008001096        0x2 
 .text.RCC_voidInit
                0x0000000008001098       0xb4 ./MCAL/RCC/RCC_Program.o
                0x0000000008001098                RCC_voidInit
 .text.RCC_voidPeripheralClockEnable
                0x000000000800114c       0xc8 ./MCAL/RCC/RCC_Program.o
                0x000000000800114c                RCC_voidPeripheralClockEnable
 .text.TIMERx_voidStartCounter
                0x0000000008001214       0x20 ./MCAL/TIMER/TIMER_Program.o
                0x0000000008001214                TIMERx_voidStartCounter
 .text.TIMERx_voidStopCounter
                0x0000000008001234       0x20 ./MCAL/TIMER/TIMER_Program.o
                0x0000000008001234                TIMERx_voidStopCounter
 .text.TIMERx_voidCounter_Init
                0x0000000008001254       0x7e ./MCAL/TIMER/TIMER_Program.o
                0x0000000008001254                TIMERx_voidCounter_Init
 .text.TIMERx_voidDelay_ms
                0x00000000080012d2       0x66 ./MCAL/TIMER/TIMER_Program.o
                0x00000000080012d2                TIMERx_voidDelay_ms
 .text.main     0x0000000008001338      0x13c ./Src/main.o
                0x0000000008001338                main
 .text.APP_voidSystemClockInit
                0x0000000008001474       0x48 ./Src/main.o
                0x0000000008001474                APP_voidSystemClockInit
 .text.APP_voidGpioInit
                0x00000000080014bc       0x74 ./Src/main.o
                0x00000000080014bc                APP_voidGpioInit
 .text.APP_voidCanInit
                0x0000000008001530       0xa0 ./Src/main.o
                0x0000000008001530                APP_voidCanInit
 .text.APP_voidHoming
                0x00000000080015d0       0x64 ./Src/main.o
                0x00000000080015d0                APP_voidHoming
 .text.APP_voidEnsureSafety
                0x0000000008001634        0xe ./Src/main.o
                0x0000000008001634                APP_voidEnsureSafety
 *fill*         0x0000000008001642        0x2 
 .text.Reset_Handler
                0x0000000008001644       0x50 ./Startup/startup_stm32g431cbtx.o
                0x0000000008001644                Reset_Handler
 .text.Default_Handler
                0x0000000008001694        0x2 ./Startup/startup_stm32g431cbtx.o
                0x0000000008001694                EXTI2_IRQHandler
                0x0000000008001694                TIM8_TRG_COM_IRQHandler
                0x0000000008001694                TIM8_CC_IRQHandler
                0x0000000008001694                DebugMon_Handler
                0x0000000008001694                DMA1_CH4_IRQHandler
                0x0000000008001694                TIM1_CC_IRQHandler
                0x0000000008001694                Cordic_IRQHandler
                0x0000000008001694                HardFault_Handler
                0x0000000008001694                USB_HP_IRQHandler
                0x0000000008001694                SysTick_Handler
                0x0000000008001694                PendSV_Handler
                0x0000000008001694                NMI_Handler
                0x0000000008001694                EXTI3_IRQHandler
                0x0000000008001694                I2C3_ER_IRQHandler
                0x0000000008001694                TIM6_DACUNDER_IRQHandler
                0x0000000008001694                EXTI0_IRQHandler
                0x0000000008001694                I2C2_EV_IRQHandler
                0x0000000008001694                DMA2_CH1_IRQHandler
                0x0000000008001694                FDCAN1_IT1_IRQHandler
                0x0000000008001694                TIM1_UP_TIM16_IRQHandler
                0x0000000008001694                UsageFault_Handler
                0x0000000008001694                ADC1_2_IRQHandler
                0x0000000008001694                SPI1_IRQHandler
                0x0000000008001694                TIM8_UP_IRQHandler
                0x0000000008001694                USBWakeUP_IRQHandler
                0x0000000008001694                RTC_ALARM_IRQHandler
                0x0000000008001694                DMA1_CH6_IRQHandler
                0x0000000008001694                TIM20_TRG_COM_IRQHandler
                0x0000000008001694                USART3_IRQHandler
                0x0000000008001694                LPUART_IRQHandler
                0x0000000008001694                TIM4_IRQHandler
                0x0000000008001694                I2C1_EV_IRQHandler
                0x0000000008001694                DMA2_CH5_IRQHandler
                0x0000000008001694                UART4_IRQHandler
                0x0000000008001694                DMA1_CH3_IRQHandler
                0x0000000008001694                TIM3_IRQHandler
                0x0000000008001694                RCC_IRQHandler
                0x0000000008001694                TIM20_UP_IRQHandler
                0x0000000008001694                TIM1_TRG_COM_IRQHandler
                0x0000000008001694                Default_Handler
                0x0000000008001694                FMAC_IRQHandler
                0x0000000008001694                EXTI15_10_IRQHandler
                0x0000000008001694                TIM7_IRQHandler
                0x0000000008001694                UCPD1_IRQHandler
                0x0000000008001694                I2C3_EV_IRQHandler
                0x0000000008001694                EXTI9_5_IRQHandler
                0x0000000008001694                DMA1_CH2_IRQHandler
                0x0000000008001694                RTC_WKUP_IRQHandler
                0x0000000008001694                SAI_IRQHandler
                0x0000000008001694                PVD_PVM_IRQHandler
                0x0000000008001694                SPI2_IRQHandler
                0x0000000008001694                DMA1_CH1_IRQHandler
                0x0000000008001694                MemManage_Handler
                0x0000000008001694                SVC_Handler
                0x0000000008001694                CRS_IRQHandler
                0x0000000008001694                USB_LP_IRQHandler
                0x0000000008001694                EXTI4_IRQHandler
                0x0000000008001694                RNG_IRQHandler
                0x0000000008001694                WWDG_IRQHandler
                0x0000000008001694                FDCAN1_IT0_IRQHandler
                0x0000000008001694                TIM2_IRQHandler
                0x0000000008001694                COMP7_IRQHandler
                0x0000000008001694                COMP1_2_3_IRQHandler
                0x0000000008001694                EXTI1_IRQHandler
                0x0000000008001694                AES_IRQHandler
                0x0000000008001694                USART2_IRQHandler
                0x0000000008001694                COMP4_5_6_IRQHandler
                0x0000000008001694                TIM20_BRK_IRQHandler
                0x0000000008001694                I2C2_ER_IRQHandler
                0x0000000008001694                TIM8_BRK_IRQHandler
                0x0000000008001694                FLASH_IRQHandler
                0x0000000008001694                TIM20_CC_IRQHandler
                0x0000000008001694                BusFault_Handler
                0x0000000008001694                USART1_IRQHandler
                0x0000000008001694                SPI3_IRQHandler
                0x0000000008001694                DMA2_CH6_IRQHandler
                0x0000000008001694                DMA2_CH3_IRQHandler
                0x0000000008001694                DMA2_CH2_IRQHandler
                0x0000000008001694                I2C1_ER_IRQHandler
                0x0000000008001694                DMA1_CH5_IRQHandler
                0x0000000008001694                DMA2_CH4_IRQHandler
                0x0000000008001694                LPTIM1_IRQHandler
                0x0000000008001694                DMAMUX_OVR_IRQHandler
                0x0000000008001694                RTC_TAMP_CSS_LSE_IRQHandler
                0x0000000008001694                TIM1_BRK_TIM15_IRQHandler
 *fill*         0x0000000008001696        0x2 
 .text.__libc_init_array
                0x0000000008001698       0x48 d:/stm32cubeide/install/stm32cubeide_1.10.1/stm32cubeide/plugins/com.st.stm32cube.ide.mcu.externaltools.gnu-tools-for-stm32.10.3-2021.10.win32_1.0.0.202111181127/tools/bin/../lib/gcc/arm-none-eabi/10.3.1/../../../../arm-none-eabi/lib/thumb/v7e-m+fp/hard\libc_nano.a(lib_a-init.o)
                0x0000000008001698                __libc_init_array
 *(.glue_7)
 .glue_7        0x00000000080016e0        0x0 linker stubs
 *(.glue_7t)
 .glue_7t       0x00000000080016e0        0x0 linker stubs
 *(.eh_frame)
 .eh_frame      0x00000000080016e0        0x0 d:/stm32cubeide/install/stm32cubeide_1.10.1/stm32cubeide/plugins/com.st.stm32cube.ide.mcu.externaltools.gnu-tools-for-stm32.10.3-2021.10.win32_1.0.0.202111181127/tools/bin/../lib/gcc/arm-none-eabi/10.3.1/thumb/v7e-m+fp/hard/crtbegin.o
 *(.init)
 .init          0x00000000080016e0        0x4 d:/stm32cubeide/install/stm32cubeide_1.10.1/stm32cubeide/plugins/com.st.stm32cube.ide.mcu.externaltools.gnu-tools-for-stm32.10.3-2021.10.win32_1.0.0.202111181127/tools/bin/../lib/gcc/arm-none-eabi/10.3.1/thumb/v7e-m+fp/hard/crti.o
                0x00000000080016e0                _init
 .init          0x00000000080016e4        0x8 d:/stm32cubeide/install/stm32cubeide_1.10.1/stm32cubeide/plugins/com.st.stm32cube.ide.mcu.externaltools.gnu-tools-for-stm32.10.3-2021.10.win32_1.0.0.202111181127/tools/bin/../lib/gcc/arm-none-eabi/10.3.1/thumb/v7e-m+fp/hard/crtn.o
 *(.fini)
 .fini          0x00000000080016ec        0x4 d:/stm32cubeide/install/stm32cubeide_1.10.1/stm32cubeide/plugins/com.st.stm32cube.ide.mcu.externaltools.gnu-tools-for-stm32.10.3-2021.10.win32_1.0.0.202111181127/tools/bin/../lib/gcc/arm-none-eabi/10.3.1/thumb/v7e-m+fp/hard/crti.o
                0x00000000080016ec                _fini
 .fini          0x00000000080016f0        0x8 d:/stm32cubeide/install/stm32cubeide_1.10.1/stm32cubeide/plugins/com.st.stm32cube.ide.mcu.externaltools.gnu-tools-for-stm32.10.3-2021.10.win32_1.0.0.202111181127/tools/bin/../lib/gcc/arm-none-eabi/10.3.1/thumb/v7e-m+fp/hard/crtn.o
                0x00000000080016f8                . = ALIGN (0x4)
                0x00000000080016f8                _etext = .

.vfp11_veneer   0x00000000080016f8        0x0
 .vfp11_veneer  0x00000000080016f8        0x0 linker stubs

.v4_bx          0x00000000080016f8        0x0
 .v4_bx         0x00000000080016f8        0x0 linker stubs

.iplt           0x00000000080016f8        0x0
 .iplt          0x00000000080016f8        0x0 d:/stm32cubeide/install/stm32cubeide_1.10.1/stm32cubeide/plugins/com.st.stm32cube.ide.mcu.externaltools.gnu-tools-for-stm32.10.3-2021.10.win32_1.0.0.202111181127/tools/bin/../lib/gcc/arm-none-eabi/10.3.1/thumb/v7e-m+fp/hard/crtbegin.o

.rodata         0x00000000080016f8        0x4
                0x00000000080016f8                . = ALIGN (0x4)
 *(.rodata)
 .rodata        0x00000000080016f8        0x4 ./Src/main.o
 *(.rodata*)
                0x00000000080016fc                . = ALIGN (0x4)

.rel.dyn        0x00000000080016fc        0x0
 .rel.iplt      0x00000000080016fc        0x0 d:/stm32cubeide/install/stm32cubeide_1.10.1/stm32cubeide/plugins/com.st.stm32cube.ide.mcu.externaltools.gnu-tools-for-stm32.10.3-2021.10.win32_1.0.0.202111181127/tools/bin/../lib/gcc/arm-none-eabi/10.3.1/thumb/v7e-m+fp/hard/crtbegin.o

.ARM.extab      0x00000000080016fc        0x0
                0x00000000080016fc                . = ALIGN (0x4)
 *(.ARM.extab* .gnu.linkonce.armextab.*)
                0x00000000080016fc                . = ALIGN (0x4)

.ARM            0x00000000080016fc        0x0
                0x00000000080016fc                . = ALIGN (0x4)
                0x00000000080016fc                __exidx_start = .
 *(.ARM.exidx*)
                0x00000000080016fc                __exidx_end = .
                0x00000000080016fc                . = ALIGN (0x4)

.preinit_array  0x00000000080016fc        0x0
                0x00000000080016fc                . = ALIGN (0x4)
                0x00000000080016fc                PROVIDE (__preinit_array_start = .)
 *(.preinit_array*)
                0x00000000080016fc                PROVIDE (__preinit_array_end = .)
                0x00000000080016fc                . = ALIGN (0x4)

.init_array     0x00000000080016fc        0x4
                0x00000000080016fc                . = ALIGN (0x4)
                0x00000000080016fc                PROVIDE (__init_array_start = .)
 *(SORT_BY_NAME(.init_array.*))
 *(.init_array*)
 .init_array    0x00000000080016fc        0x4 d:/stm32cubeide/install/stm32cubeide_1.10.1/stm32cubeide/plugins/com.st.stm32cube.ide.mcu.externaltools.gnu-tools-for-stm32.10.3-2021.10.win32_1.0.0.202111181127/tools/bin/../lib/gcc/arm-none-eabi/10.3.1/thumb/v7e-m+fp/hard/crtbegin.o
                0x0000000008001700                PROVIDE (__init_array_end = .)
                0x0000000008001700                . = ALIGN (0x4)

.fini_array     0x0000000008001700        0x4
                0x0000000008001700                . = ALIGN (0x4)
                [!provide]                        PROVIDE (__fini_array_start = .)
 *(SORT_BY_NAME(.fini_array.*))
 *(.fini_array*)
 .fini_array    0x0000000008001700        0x4 d:/stm32cubeide/install/stm32cubeide_1.10.1/stm32cubeide/plugins/com.st.stm32cube.ide.mcu.externaltools.gnu-tools-for-stm32.10.3-2021.10.win32_1.0.0.202111181127/tools/bin/../lib/gcc/arm-none-eabi/10.3.1/thumb/v7e-m+fp/hard/crtbegin.o
                [!provide]                        PROVIDE (__fini_array_end = .)
                0x0000000008001704                . = ALIGN (0x4)
                0x0000000008001704                _sidata = LOADADDR (.data)

.data           0x0000000020000000       0x58 load address 0x0000000008001704
                0x0000000020000000                . = ALIGN (0x4)
                0x0000000020000000                _sdata = .
 *(.data)
 *(.data*)
 .data.LIMSWI   0x0000000020000000        0xe ./HAL/LIMSWI/LIMSWI_Program.o
 *fill*         0x000000002000000e        0x2 
 .data.STEPPER_mod
                0x0000000020000010       0x20 ./Src/main.o
 .data.LIMSWI   0x0000000020000030        0xe ./Src/main.o
 *fill*         0x000000002000003e        0x2 
 .data.IDs      0x0000000020000040       0x14 ./Src/main.o
                0x0000000020000040                IDs
 .data.LimSwitch
                0x0000000020000054        0x1 ./Src/main.o
                0x0000000020000054                LimSwitch
 *(.RamFunc)
 *(.RamFunc*)
                0x0000000020000058                . = ALIGN (0x4)
 *fill*         0x0000000020000055        0x3 
                0x0000000020000058                _edata = .
                0x000000000800175c                _siccmsram = LOADADDR (.ccmsram)

.igot.plt       0x0000000020000058        0x0 load address 0x000000000800175c
 .igot.plt      0x0000000020000058        0x0 d:/stm32cubeide/install/stm32cubeide_1.10.1/stm32cubeide/plugins/com.st.stm32cube.ide.mcu.externaltools.gnu-tools-for-stm32.10.3-2021.10.win32_1.0.0.202111181127/tools/bin/../lib/gcc/arm-none-eabi/10.3.1/thumb/v7e-m+fp/hard/crtbegin.o

.ccmsram        0x0000000010000000        0x0 load address 0x000000000800175c
                0x0000000010000000                . = ALIGN (0x4)
                0x0000000010000000                _sccmsram = .
 *(.ccmsram)
 *(.ccmsram*)
                0x0000000010000000                . = ALIGN (0x4)
                0x0000000010000000                _eccmsram = .
                0x0000000010000000                . = ALIGN (0x4)

.bss            0x0000000020000058       0x20
                0x0000000020000058                _sbss = .
                0x0000000020000058                __bss_start__ = _sbss
 *(.bss)
 .bss           0x0000000020000058       0x1c d:/stm32cubeide/install/stm32cubeide_1.10.1/stm32cubeide/plugins/com.st.stm32cube.ide.mcu.externaltools.gnu-tools-for-stm32.10.3-2021.10.win32_1.0.0.202111181127/tools/bin/../lib/gcc/arm-none-eabi/10.3.1/thumb/v7e-m+fp/hard/crtbegin.o
 *(.bss*)
 .bss.currentPosition
                0x0000000020000074        0x4 ./Src/main.o
                0x0000000020000074                currentPosition
 *(COMMON)
                0x0000000020000078                . = ALIGN (0x4)
                0x0000000020000078                _ebss = .
                0x0000000020000078                __bss_end__ = _ebss

._user_heap_stack
                0x0000000020000078      0x600
                0x0000000020000078                . = ALIGN (0x8)
                [!provide]                        PROVIDE (end = .)
                0x0000000020000078                PROVIDE (_end = .)
                0x0000000020000278                . = (. + _Min_Heap_Size)
 *fill*         0x0000000020000078      0x200 
                0x0000000020000678                . = (. + _Min_Stack_Size)
 *fill*         0x0000000020000278      0x400 
                0x0000000020000678                . = ALIGN (0x8)

/DISCARD/
 libc.a(*)
 libm.a(*)
 libgcc.a(*)

.ARM.attributes
                0x0000000000000000       0x30
 *(.ARM.attributes)
 .ARM.attributes
                0x0000000000000000       0x1e d:/stm32cubeide/install/stm32cubeide_1.10.1/stm32cubeide/plugins/com.st.stm32cube.ide.mcu.externaltools.gnu-tools-for-stm32.10.3-2021.10.win32_1.0.0.202111181127/tools/bin/../lib/gcc/arm-none-eabi/10.3.1/thumb/v7e-m+fp/hard/crti.o
 .ARM.attributes
                0x000000000000001e       0x34 d:/stm32cubeide/install/stm32cubeide_1.10.1/stm32cubeide/plugins/com.st.stm32cube.ide.mcu.externaltools.gnu-tools-for-stm32.10.3-2021.10.win32_1.0.0.202111181127/tools/bin/../lib/gcc/arm-none-eabi/10.3.1/thumb/v7e-m+fp/hard/crtbegin.o
 .ARM.attributes
                0x0000000000000052       0x34 ./HAL/LIMSWI/LIMSWI_Program.o
 .ARM.attributes
                0x0000000000000086       0x34 ./HAL/STEPPER/STEPPER_Program.o
 .ARM.attributes
                0x00000000000000ba       0x34 ./MCAL/FDCAN/CAN_Program.o
 .ARM.attributes
                0x00000000000000ee       0x34 ./MCAL/GPIO/GPIO_Program.o
 .ARM.attributes
                0x0000000000000122       0x34 ./MCAL/RCC/RCC_Program.o
 .ARM.attributes
                0x0000000000000156       0x34 ./MCAL/TIMER/TIMER_Program.o
 .ARM.attributes
                0x000000000000018a       0x34 ./Src/main.o
 .ARM.attributes
                0x00000000000001be       0x21 ./Startup/startup_stm32g431cbtx.o
 .ARM.attributes
                0x00000000000001df       0x34 d:/stm32cubeide/install/stm32cubeide_1.10.1/stm32cubeide/plugins/com.st.stm32cube.ide.mcu.externaltools.gnu-tools-for-stm32.10.3-2021.10.win32_1.0.0.202111181127/tools/bin/../lib/gcc/arm-none-eabi/10.3.1/../../../../arm-none-eabi/lib/thumb/v7e-m+fp/hard\libc_nano.a(lib_a-init.o)
 .ARM.attributes
                0x0000000000000213       0x1e d:/stm32cubeide/install/stm32cubeide_1.10.1/stm32cubeide/plugins/com.st.stm32cube.ide.mcu.externaltools.gnu-tools-for-stm32.10.3-2021.10.win32_1.0.0.202111181127/tools/bin/../lib/gcc/arm-none-eabi/10.3.1/thumb/v7e-m+fp/hard/crtn.o
OUTPUT(StepperApp.elf elf32-littlearm)
LOAD linker stubs
LOAD d:/stm32cubeide/install/stm32cubeide_1.10.1/stm32cubeide/plugins/com.st.stm32cube.ide.mcu.externaltools.gnu-tools-for-stm32.10.3-2021.10.win32_1.0.0.202111181127/tools/bin/../lib/gcc/arm-none-eabi/10.3.1/../../../../arm-none-eabi/lib/thumb/v7e-m+fp/hard\libc.a
LOAD d:/stm32cubeide/install/stm32cubeide_1.10.1/stm32cubeide/plugins/com.st.stm32cube.ide.mcu.externaltools.gnu-tools-for-stm32.10.3-2021.10.win32_1.0.0.202111181127/tools/bin/../lib/gcc/arm-none-eabi/10.3.1/../../../../arm-none-eabi/lib/thumb/v7e-m+fp/hard\libm.a
LOAD d:/stm32cubeide/install/stm32cubeide_1.10.1/stm32cubeide/plugins/com.st.stm32cube.ide.mcu.externaltools.gnu-tools-for-stm32.10.3-2021.10.win32_1.0.0.202111181127/tools/bin/../lib/gcc/arm-none-eabi/10.3.1/thumb/v7e-m+fp/hard\libgcc.a

.debug_info     0x0000000000000000     0x2d9f
 .debug_info    0x0000000000000000      0x194 ./HAL/LIMSWI/LIMSWI_Program.o
 .debug_info    0x0000000000000194      0x4fd ./HAL/STEPPER/STEPPER_Program.o
 .debug_info    0x0000000000000691      0x877 ./MCAL/FDCAN/CAN_Program.o
 .debug_info    0x0000000000000f08      0x527 ./MCAL/GPIO/GPIO_Program.o
 .debug_info    0x000000000000142f      0x5f1 ./MCAL/RCC/RCC_Program.o
 .debug_info    0x0000000000001a20      0x5b0 ./MCAL/TIMER/TIMER_Program.o
 .debug_info    0x0000000000001fd0      0xdad ./Src/main.o
 .debug_info    0x0000000000002d7d       0x22 ./Startup/startup_stm32g431cbtx.o

.debug_abbrev   0x0000000000000000      0xa40
 .debug_abbrev  0x0000000000000000      0x119 ./HAL/LIMSWI/LIMSWI_Program.o
 .debug_abbrev  0x0000000000000119      0x138 ./HAL/STEPPER/STEPPER_Program.o
 .debug_abbrev  0x0000000000000251      0x185 ./MCAL/FDCAN/CAN_Program.o
 .debug_abbrev  0x00000000000003d6      0x190 ./MCAL/GPIO/GPIO_Program.o
 .debug_abbrev  0x0000000000000566       0xef ./MCAL/RCC/RCC_Program.o
 .debug_abbrev  0x0000000000000655      0x1d5 ./MCAL/TIMER/TIMER_Program.o
 .debug_abbrev  0x000000000000082a      0x204 ./Src/main.o
 .debug_abbrev  0x0000000000000a2e       0x12 ./Startup/startup_stm32g431cbtx.o

.debug_aranges  0x0000000000000000      0x258
 .debug_aranges
                0x0000000000000000       0x28 ./HAL/LIMSWI/LIMSWI_Program.o
 .debug_aranges
                0x0000000000000028       0x38 ./HAL/STEPPER/STEPPER_Program.o
 .debug_aranges
                0x0000000000000060       0x50 ./MCAL/FDCAN/CAN_Program.o
 .debug_aranges
                0x00000000000000b0       0x78 ./MCAL/GPIO/GPIO_Program.o
 .debug_aranges
                0x0000000000000128       0x50 ./MCAL/RCC/RCC_Program.o
 .debug_aranges
                0x0000000000000178       0x70 ./MCAL/TIMER/TIMER_Program.o
 .debug_aranges
                0x00000000000001e8       0x48 ./Src/main.o
 .debug_aranges
                0x0000000000000230       0x28 ./Startup/startup_stm32g431cbtx.o

.debug_ranges   0x0000000000000000      0x1e0
 .debug_ranges  0x0000000000000000       0x18 ./HAL/LIMSWI/LIMSWI_Program.o
 .debug_ranges  0x0000000000000018       0x28 ./HAL/STEPPER/STEPPER_Program.o
 .debug_ranges  0x0000000000000040       0x40 ./MCAL/FDCAN/CAN_Program.o
 .debug_ranges  0x0000000000000080       0x68 ./MCAL/GPIO/GPIO_Program.o
 .debug_ranges  0x00000000000000e8       0x40 ./MCAL/RCC/RCC_Program.o
 .debug_ranges  0x0000000000000128       0x60 ./MCAL/TIMER/TIMER_Program.o
 .debug_ranges  0x0000000000000188       0x38 ./Src/main.o
 .debug_ranges  0x00000000000001c0       0x20 ./Startup/startup_stm32g431cbtx.o

.debug_macro    0x0000000000000000     0x1532
 .debug_macro   0x0000000000000000       0x66 ./HAL/LIMSWI/LIMSWI_Program.o
 .debug_macro   0x0000000000000066      0xa7e ./HAL/LIMSWI/LIMSWI_Program.o
 .debug_macro   0x0000000000000ae4       0x10 ./HAL/LIMSWI/LIMSWI_Program.o
 .debug_macro   0x0000000000000af4       0x3a ./HAL/LIMSWI/LIMSWI_Program.o
 .debug_macro   0x0000000000000b2e       0x5e ./HAL/LIMSWI/LIMSWI_Program.o
 .debug_macro   0x0000000000000b8c      0x148 ./HAL/LIMSWI/LIMSWI_Program.o
 .debug_macro   0x0000000000000cd4       0x10 ./HAL/LIMSWI/LIMSWI_Program.o
 .debug_macro   0x0000000000000ce4       0x7e ./HAL/STEPPER/STEPPER_Program.o
 .debug_macro   0x0000000000000d62      0x1eb ./HAL/STEPPER/STEPPER_Program.o
 .debug_macro   0x0000000000000f4d       0xe2 ./HAL/STEPPER/STEPPER_Program.o
 .debug_macro   0x000000000000102f       0x10 ./HAL/STEPPER/STEPPER_Program.o
 .debug_macro   0x000000000000103f       0x3b ./MCAL/FDCAN/CAN_Program.o
 .debug_macro   0x000000000000107a       0x52 ./MCAL/FDCAN/CAN_Program.o
 .debug_macro   0x00000000000010cc       0x94 ./MCAL/FDCAN/CAN_Program.o
 .debug_macro   0x0000000000001160       0x6a ./MCAL/FDCAN/CAN_Program.o
 .debug_macro   0x00000000000011ca       0x45 ./MCAL/GPIO/GPIO_Program.o
 .debug_macro   0x000000000000120f       0x44 ./MCAL/RCC/RCC_Program.o
 .debug_macro   0x0000000000001253      0x143 ./MCAL/RCC/RCC_Program.o
 .debug_macro   0x0000000000001396       0x16 ./MCAL/RCC/RCC_Program.o
 .debug_macro   0x00000000000013ac       0x34 ./MCAL/RCC/RCC_Program.o
 .debug_macro   0x00000000000013e0       0x3f ./MCAL/TIMER/TIMER_Program.o
 .debug_macro   0x000000000000141f      0x113 ./Src/main.o

.debug_line     0x0000000000000000     0x1ab1
 .debug_line    0x0000000000000000      0x136 ./HAL/LIMSWI/LIMSWI_Program.o
 .debug_line    0x0000000000000136      0x24c ./HAL/STEPPER/STEPPER_Program.o
 .debug_line    0x0000000000000382      0x513 ./MCAL/FDCAN/CAN_Program.o
 .debug_line    0x0000000000000895      0x495 ./MCAL/GPIO/GPIO_Program.o
 .debug_line    0x0000000000000d2a      0x23a ./MCAL/RCC/RCC_Program.o
 .debug_line    0x0000000000000f64      0x57a ./MCAL/TIMER/TIMER_Program.o
 .debug_line    0x00000000000014de      0x54f ./Src/main.o
 .debug_line    0x0000000000001a2d       0x84 ./Startup/startup_stm32g431cbtx.o

.debug_str      0x0000000000000000     0x560c
 .debug_str     0x0000000000000000     0x349d ./HAL/LIMSWI/LIMSWI_Program.o
                                       0x351a (size before relaxing)
 .debug_str     0x000000000000349d      0x9f1 ./HAL/STEPPER/STEPPER_Program.o
                                       0x3e32 (size before relaxing)
 .debug_str     0x0000000000003e8e      0x9f4 ./MCAL/FDCAN/CAN_Program.o
                                       0x3754 (size before relaxing)
 .debug_str     0x0000000000004882      0x1c0 ./MCAL/GPIO/GPIO_Program.o
                                       0x361b (size before relaxing)
 .debug_str     0x0000000000004a42      0x87e ./MCAL/RCC/RCC_Program.o
                                       0x3750 (size before relaxing)
 .debug_str     0x00000000000052c0      0x233 ./MCAL/TIMER/TIMER_Program.o
                                       0x38ea (size before relaxing)
 .debug_str     0x00000000000054f3       0xe8 ./Src/main.o
                                       0x4e9e (size before relaxing)
 .debug_str     0x00000000000055db       0x31 ./Startup/startup_stm32g431cbtx.o
                                         0x78 (size before relaxing)

.comment        0x0000000000000000       0x50
 .comment       0x0000000000000000       0x50 ./HAL/LIMSWI/LIMSWI_Program.o
                                         0x51 (size before relaxing)
 .comment       0x0000000000000050       0x51 ./HAL/STEPPER/STEPPER_Program.o
 .comment       0x0000000000000050       0x51 ./MCAL/FDCAN/CAN_Program.o
 .comment       0x0000000000000050       0x51 ./MCAL/GPIO/GPIO_Program.o
 .comment       0x0000000000000050       0x51 ./MCAL/RCC/RCC_Program.o
 .comment       0x0000000000000050       0x51 ./MCAL/TIMER/TIMER_Program.o
 .comment       0x0000000000000050       0x51 ./Src/main.o

.debug_frame    0x0000000000000000      0x7ec
 .debug_frame   0x0000000000000000       0x50 ./HAL/LIMSWI/LIMSWI_Program.o
 .debug_frame   0x0000000000000050       0xa0 ./HAL/STEPPER/STEPPER_Program.o
 .debug_frame   0x00000000000000f0      0x128 ./MCAL/FDCAN/CAN_Program.o
 .debug_frame   0x0000000000000218      0x1ec ./MCAL/GPIO/GPIO_Program.o
 .debug_frame   0x0000000000000404      0x120 ./MCAL/RCC/RCC_Program.o
 .debug_frame   0x0000000000000524      0x1c4 ./MCAL/TIMER/TIMER_Program.o
 .debug_frame   0x00000000000006e8       0xd8 ./Src/main.o
 .debug_frame   0x00000000000007c0       0x2c d:/stm32cubeide/install/stm32cubeide_1.10.1/stm32cubeide/plugins/com.st.stm32cube.ide.mcu.externaltools.gnu-tools-for-stm32.10.3-2021.10.win32_1.0.0.202111181127/tools/bin/../lib/gcc/arm-none-eabi/10.3.1/../../../../arm-none-eabi/lib/thumb/v7e-m+fp/hard\libc_nano.a(lib_a-init.o)
